Component: ARM Compiler 5.06 update 6 (build 750) Tool: armlink [4d35ed]

==============================================================================

Section Cross References

    main.o(i.assert_nrf_callback) refers to app_error_handler_keil.o(.emb_text) for app_error_handler
    main.o(i.ble_evt_handler) refers to nrf_log_frontend.o(i.nrf_log_frontend_std_0) for nrf_log_frontend_std_0
    main.o(i.ble_evt_handler) refers to main.o(i.scan_start) for scan_start
    main.o(i.ble_evt_handler) refers to ble_lbs_c.o(i.ble_lbs_c_handles_assign) for ble_lbs_c_handles_assign
    main.o(i.ble_evt_handler) refers to app_error.o(i.app_error_handler_bare) for app_error_handler_bare
    main.o(i.ble_evt_handler) refers to ble_db_discovery.o(i.ble_db_discovery_start) for ble_db_discovery_start
    main.o(i.ble_evt_handler) refers to boards.o(i.bsp_board_led_on) for bsp_board_led_on
    main.o(i.ble_evt_handler) refers to boards.o(i.bsp_board_led_off) for bsp_board_led_off
    main.o(i.ble_evt_handler) refers to nrf_log_frontend.o(log_const_data) for m_nrf_log_app_logs_data_const
    main.o(i.ble_evt_handler) refers to main.o(.bss) for .bss
    main.o(i.ble_evt_handler) refers to main.o(.data) for .data
    main.o(i.button_event_handler) refers to ble_lbs_c.o(i.ble_lbs_led_status_send) for ble_lbs_led_status_send
    main.o(i.button_event_handler) refers to app_error.o(i.app_error_handler_bare) for app_error_handler_bare
    main.o(i.button_event_handler) refers to nrf_log_frontend.o(i.nrf_log_frontend_std_1) for nrf_log_frontend_std_1
    main.o(i.button_event_handler) refers to main.o(.bss) for .bss
    main.o(i.button_event_handler) refers to nrf_log_frontend.o(log_const_data) for m_nrf_log_app_logs_data_const
    main.o(i.db_disc_handler) refers to ble_lbs_c.o(i.ble_lbs_on_db_disc_evt) for ble_lbs_on_db_disc_evt
    main.o(i.db_disc_handler) refers to main.o(.bss) for .bss
    main.o(i.lbs_c_evt_handler) refers to nrf_log_frontend.o(i.nrf_log_frontend_std_1) for nrf_log_frontend_std_1
    main.o(i.lbs_c_evt_handler) refers to boards.o(i.bsp_board_led_on) for bsp_board_led_on
    main.o(i.lbs_c_evt_handler) refers to ble_lbs_c.o(i.ble_lbs_c_handles_assign) for ble_lbs_c_handles_assign
    main.o(i.lbs_c_evt_handler) refers to app_button.o(i.app_button_enable) for app_button_enable
    main.o(i.lbs_c_evt_handler) refers to app_error.o(i.app_error_handler_bare) for app_error_handler_bare
    main.o(i.lbs_c_evt_handler) refers to ble_lbs_c.o(i.ble_lbs_c_button_notif_enable) for ble_lbs_c_button_notif_enable
    main.o(i.lbs_c_evt_handler) refers to boards.o(i.bsp_board_led_off) for bsp_board_led_off
    main.o(i.lbs_c_evt_handler) refers to nrf_log_frontend.o(log_const_data) for m_nrf_log_app_logs_data_const
    main.o(i.lbs_c_evt_handler) refers to main.o(.bss) for .bss
    main.o(i.lbs_error_handler) refers to app_error.o(i.app_error_handler_bare) for app_error_handler_bare
    main.o(i.main) refers to nrf_log_frontend.o(i.nrf_log_init) for nrf_log_init
    main.o(i.main) refers to app_error.o(i.app_error_handler_bare) for app_error_handler_bare
    main.o(i.main) refers to nrf_log_default_backends.o(i.nrf_log_default_backends_init) for nrf_log_default_backends_init
    main.o(i.main) refers to app_timer2.o(i.app_timer_init) for app_timer_init
    main.o(i.main) refers to boards.o(i.bsp_board_init) for bsp_board_init
    main.o(i.main) refers to app_button.o(i.app_button_init) for app_button_init
    main.o(i.main) refers to nrf_pwr_mgmt.o(i.nrf_pwr_mgmt_init) for nrf_pwr_mgmt_init
    main.o(i.main) refers to nrf_sdh.o(i.nrf_sdh_enable_request) for nrf_sdh_enable_request
    main.o(i.main) refers to nrf_sdh_ble.o(i.nrf_sdh_ble_default_cfg_set) for nrf_sdh_ble_default_cfg_set
    main.o(i.main) refers to nrf_sdh_ble.o(i.nrf_sdh_ble_enable) for nrf_sdh_ble_enable
    main.o(i.main) refers to main.o(i.scan_init) for scan_init
    main.o(i.main) refers to nrf_ble_gatt.o(i.nrf_ble_gatt_init) for nrf_ble_gatt_init
    main.o(i.main) refers to ble_db_discovery.o(i.ble_db_discovery_init) for ble_db_discovery_init
    main.o(i.main) refers to ble_lbs_c.o(i.ble_lbs_c_init) for ble_lbs_c_init
    main.o(i.main) refers to nrf_log_frontend.o(i.nrf_log_frontend_std_0) for nrf_log_frontend_std_0
    main.o(i.main) refers to main.o(i.scan_start) for scan_start
    main.o(i.main) refers to boards.o(i.bsp_board_led_on) for bsp_board_led_on
    main.o(i.main) refers to nrf_log_frontend.o(i.nrf_log_frontend_dequeue) for nrf_log_frontend_dequeue
    main.o(i.main) refers to nrf_pwr_mgmt.o(i.nrf_pwr_mgmt_run) for nrf_pwr_mgmt_run
    main.o(i.main) refers to main.o(.data) for .data
    main.o(i.main) refers to main.o(.bss) for .bss
    main.o(i.main) refers to main.o(i.db_disc_handler) for db_disc_handler
    main.o(i.main) refers to main.o(i.lbs_c_evt_handler) for lbs_c_evt_handler
    main.o(i.main) refers to main.o(i.lbs_error_handler) for lbs_error_handler
[...]
    m_cb                                     0x2000277c   Data          92  nrfx_gpiote.o(.bss)
    .bss                                     0x200027d8   Section       44  nrfx_uart.o(.bss)
    m_cb                                     0x200027d8   Data          44  nrfx_uart.o(.bss)
    .bss                                     0x20002804   Section       36  nrfx_uarte.o(.bss)
    m_cb                                     0x20002804   Data          36  nrfx_uarte.o(.bss)
    .bss                                     0x20002828   Section       32  app_button.o(.bss)
    m_detection_delay_timer_id_data          0x20002828   Data          32  app_button.o(.bss)
    .bss                                     0x20002848   Section       16  app_button.o(.bss)
    m_pin_states                             0x20002848   Data          16  app_button.o(.bss)
    .bss                                     0x20002858   Section       16  app_timer2.o(.bss)
    m_req_fifo_inst                          0x20002858   Data          16  app_timer2.o(.bss)
    .bss                                     0x20002868   Section       88  app_timer2.o(.bss)
    m_req_fifo_data                          0x20002868   Data          88  app_timer2.o(.bss)
    .bss                                     0x200028c0   Section       12  app_util_platform.o(.bss)
    .bss                                     0x200028cc   Section       12  nrf_pwr_mgmt.o(.bss)
    m_handlers_iter                          0x200028cc   Data          12  nrf_pwr_mgmt.o(.bss)
    .bss                                     0x200028d8   Section       64  nrf_log_backend_uart.o(.bss)
    m_string_buff                            0x200028d8   Data          64  nrf_log_backend_uart.o(.bss)
    .bss                                     0x20002918   Section      192  nrf_log_frontend.o(.bss)
    log_mempool_nrf_balloc_pool_mem          0x20002918   Data         192  nrf_log_frontend.o(.bss)
    .bss                                     0x200029d8   Section      128  nrf_log_frontend.o(.bss)
    m_log_push_ringbuf_buf                   0x200029d8   Data         128  nrf_log_frontend.o(.bss)
    .bss                                     0x20002a58   Section       24  nrf_log_frontend.o(.bss)
    m_log_push_ringbuf_cb                    0x20002a58   Data          24  nrf_log_frontend.o(.bss)
    .bss                                     0x20002a70   Section     1056  nrf_log_frontend.o(.bss)
    m_log_data                               0x20002a70   Data        1056  nrf_log_frontend.o(.bss)
    STACK                                    0x20002e90   Section     8192  arm_startup_nrf52.o(STACK)

    Global Symbols

    Symbol Name                              Value     Ov Type        Size  Object(Section)

    BuildAttributes$$THM_ISAv4$E$P$D$K$B$S$7EM$VFPi3$EXTD16$VFPS$VFMA$PE$A:L22UL41UL21$X:L11$S22US41US21$IEEE1$IW$USESV6$~STKCKD$USESV7$~SHL$OSPACE$EBA8$MICROLIB$REQ8$EABIv2 0x00000000   Number         0  anon$$obj.o ABSOLUTE
    __ARM_use_no_argv                        0x00000000   Number         0  main.o ABSOLUTE
    __use_no_errno                           0x00000000   Number         0  useno.o ABSOLUTE
    __use_no_exception_handling              0x00000000   Number         0  useno.o ABSOLUTE
    __use_no_fp                              0x00000000   Number         0  useno.o ABSOLUTE
    __use_no_heap                            0x00000000   Number         0  useno.o ABSOLUTE
    __use_no_heap_region                     0x00000000   Number         0  useno.o ABSOLUTE
    __use_no_semihosting                     0x00000000   Number         0  useno.o ABSOLUTE
    __use_no_semihosting_swi                 0x00000000   Number         0  useno.o ABSOLUTE
    __use_no_signal_handling                 0x00000000   Number         0  useno.o ABSOLUTE
    __cpp_initialize__aeabi_                  - Undefined Weak Reference
    __cxa_finalize                            - Undefined Weak Reference
    _clock_init                               - Undefined Weak Reference
    _microlib_exit                            - Undefined Weak Reference
    log_dynamic_data$$Base                    - Undefined Reference
    pwr_mgmt_data0$$Base                      - Undefined Reference
    pwr_mgmt_data0$$Limit                     - Undefined Reference
    pwr_mgmt_data1$$Base                      - Undefined Reference
    pwr_mgmt_data1$$Limit                     - Undefined Reference
    pwr_mgmt_data2$$Base                      - Undefined Reference
    pwr_mgmt_data2$$Limit                     - Undefined Reference
    sdh_req_observers0$$Base                  - Undefined Reference
    sdh_req_observers0$$Limit                 - Undefined Reference
    sdh_req_observers1$$Base                  - Undefined Reference
    sdh_req_observers1$$Limit                 - Undefined Reference
    sdh_soc_observers1$$Base                  - Undefined Reference
    sdh_soc_observers1$$Limit                 - Undefined Reference
    sdh_stack_observers1$$Base                - Undefined Reference
    sdh_stack_observers1$$Limit               - Undefined Reference
    sdh_state_observers1$$Base                - Undefined Reference
    sdh_state_observers1$$Limit               - Undefined Reference
    __Vectors_Size                           0x00000200   Number         0  arm_startup_nrf52.o ABSOLUTE
    __Vectors                                0x00026000   Data           4  arm_startup_nrf52.o(RESET)
    __Vectors_End                            0x00026200   Data           0  arm_startup_nrf52.o(RESET)
    __main                                   0x00026201   Thumb Code     0  entry.o(.ARM.Collect$$$$00000000)
    _main_stk                                0x00026201   Thumb Code     0  entry2.o(.ARM.Collect$$$$00000001)
    _main_scatterload                        0x00026205   Thumb Code     0  entry5.o(.ARM.Collect$$$$00000004)
    __main_after_scatterload                 0x00026209   Thumb Code     0  entry5.o(.ARM.Collect$$$$00000004)
    _main_clock                              0x00026209   Thumb Code     0  entry7b.o(.ARM.Collect$$$$00000008)
    _main_cpp_init                           0x00026209   Thumb Code     0  entry8b.o(.ARM.Collect$$$$0000000A)
    _main_init                               0x00026209   Thumb Code     0  entry9a.o(.ARM.Collect$$$$0000000B)
    __rt_final_cpp                           0x00026211   Thumb Code     0  entry10a.o(.ARM.Collect$$$$0000000D)
    __rt_final_exit                          0x00026211   Thumb Code     0  entry11a.o(.ARM.Collect$$$$0000000F)
    __asm___12_nrf_atfifo_c_51f461e1__nrf_atfifo_wspace_req 0x00026215   Thumb Code    56  nrf_atfifo.o(.emb_text)
    __asm___12_nrf_atfifo_c_51f461e1__nrf_atfifo_wspace_close 0x0002624d   Thumb Code    18  nrf_atfifo.o(.emb_text)
    __asm___12_nrf_atfifo_c_51f461e1__nrf_atfifo_rspace_req 0x0002625f   Thumb Code    58  nrf_atfifo.o(.emb_text)
    __asm___12_nrf_atfifo_c_51f461e1__nrf_atfifo_rspace_close 0x00026299   Thumb Code    18  nrf_atfifo.o(.emb_text)
    __asm___12_nrf_atfifo_c_51f461e1__nrf_atfifo_space_clear 0x000262ab   Thumb Code    50  nrf_atfifo.o(.emb_text)
    __asm___12_nrf_atomic_c_85ca2469__nrf_atomic_internal_mov 0x000262dd   Thumb Code    24  nrf_atomic.o(.emb_text)
    __asm___12_nrf_atomic_c_85ca2469__nrf_atomic_internal_orr 0x000262f5   Thumb Code    26  nrf_atomic.o(.emb_text)
    __asm___12_nrf_atomic_c_85ca2469__nrf_atomic_internal_and 0x0002630f   Thumb Code    26  nrf_atomic.o(.emb_text)
    __asm___12_nrf_atomic_c_85ca2469__nrf_atomic_internal_eor 0x00026329   Thumb Code    26  nrf_atomic.o(.emb_text)
    __asm___12_nrf_atomic_c_85ca2469__nrf_atomic_internal_add 0x00026343   Thumb Code    26  nrf_atomic.o(.emb_text)
    __asm___12_nrf_atomic_c_85ca2469__nrf_atomic_internal_sub 0x0002635d   Thumb Code    26  nrf_atomic.o(.emb_text)
    __asm___12_nrf_atomic_c_85ca2469__nrf_atomic_internal_cmp_exch 0x00026377   Thumb Code    42  nrf_atomic.o(.emb_text)
    __asm___12_nrf_atomic_c_85ca2469__nrf_atomic_internal_sub_hs 0x000263a1   Thumb Code    30  nrf_atomic.o(.emb_text)
    Reset_Handler                            0x000263c1   Thumb Code     8  arm_startup_nrf52.o(.text)
    NMI_Handler                              0x000263c9   Thumb Code     2  arm_startup_nrf52.o(.text)
    HardFault_Handler                        0x000263cb   Thumb Code     2  arm_startup_nrf52.o(.text)
    MemoryManagement_Handler                 0x000263cd   Thumb Code     2  arm_startup_nrf52.o(.text)
    BusFault_Handler                         0x000263cf   Thumb Code     2  arm_startup_nrf52.o(.text)
    UsageFault_Handler                       0x000263d1   Thumb Code     2  arm_startup_nrf52.o(.text)
    SVC_Handler                              0x000263d3   Thumb Code     2  arm_startup_nrf52.o(.text)
    DebugMon_Handler                         0x000263d5   Thumb Code     2  arm_startup_nrf52.o(.text)
    PendSV_Handler                           0x000263d7   Thumb Code     2  arm_startup_nrf52.o(.text)
    SysTick_Handler                          0x000263d9   Thumb Code     2  arm_startup_nrf52.o(.text)
    CCM_AAR_IRQHandler                       0x000263db   Thumb Code     0  arm_startup_nrf52.o(.text)
    COMP_LPCOMP_IRQHandler                   0x000263db   Thumb Code     0  arm_startup_nrf52.o(.text)
    ECB_IRQHandler                           0x000263db   Thumb Code     0  arm_startup_nrf52.o(.text)
    FPU_IRQHandler                           0x000263db   Thumb Code     0  arm_startup_nrf52.o(.text)
    I2S_IRQHandler                           0x000263db   Thumb Code     0  arm_startup_nrf52.o(.text)
    MWU_IRQHandler                           0x000263db   Thumb Code     0  arm_startup_nrf52.o(.text)
    NFCT_IRQHandler                          0x000263db   Thumb Code     0  arm_startup_nrf52.o(.text)
    PDM_IRQHandler                           0x000263db   Thumb Code     0  arm_startup_nrf52.o(.text)
    PWM0_IRQHandler                          0x000263db   Thumb Code     0  arm_startup_nrf52.o(.text)
    PWM1_IRQHandler                          0x000263db   Thumb Code     0  arm_startup_nrf52.o(.text)
    PWM2_IRQHandler                          0x000263db   Thumb Code     0  arm_startup_nrf52.o(.text)
    QDEC_IRQHandler                          0x000263db   Thumb Code     0  arm_startup_nrf52.o(.text)
    RADIO_IRQHandler                         0x000263db   Thumb Code     0  arm_startup_nrf52.o(.text)
    RNG_IRQHandler                           0x000263db   Thumb Code     0  arm_startup_nrf52.o(.text)
    RTC0_IRQHandler                          0x000263db   Thumb Code     0  arm_startup_nrf52.o(.text)
    RTC2_IRQHandler                          0x000263db   Thumb Code     0  arm_startup_nrf52.o(.text)
    SAADC_IRQHandler                         0x000263db   Thumb Code     0  arm_startup_nrf52.o(.text)
    SPIM0_SPIS0_TWIM0_TWIS0_SPI0_TWI0_IRQHandler 0x000263db   Thumb Code     0  arm_startup_nrf52.o(.text)
    SPIM1_SPIS1_TWIM1_TWIS1_SPI1_TWI1_IRQHandler 0x000263db   Thumb Code     0  arm_startup_nrf52.o(.text)
    SPIM2_SPIS2_SPI2_IRQHandler              0x000263db   Thumb Code     0  arm_startup_nrf52.o(.text)
    SWI0_EGU0_IRQHandler                     0x000263db   Thumb Code     0  arm_startup_nrf52.o(.text)
    SWI1_EGU1_IRQHandler                     0x000263db   Thumb Code     0  arm_startup_nrf52.o(.text)
    SWI3_EGU3_IRQHandler                     0x000263db   Thumb Code     0  arm_startup_nrf52.o(.text)
    SWI4_EGU4_IRQHandler                     0x000263db   Thumb Code     0  arm_startup_nrf52.o(.text)
    SWI5_EGU5_IRQHandler                     0x000263db   Thumb Code     0  arm_startup_nrf52.o(.text)
    TEMP_IRQHandler                          0x000263db   Thumb Code     0  arm_startup_nrf52.o(.text)
    TIMER0_IRQHandler                        0x000263db   Thumb Code     0  arm_startup_nrf52.o(.text)
    TIMER1_IRQHandler                        0x000263db   Thumb Code     0  arm_startup_nrf52.o(.text)
    TIMER2_IRQHandler                        0x000263db   Thumb Code     0  arm_startup_nrf52.o(.text)
    TIMER3_IRQHandler                        0x000263db   Thumb Code     0  arm_startup_nrf52.o(.text)
    TIMER4_IRQHandler                        0x000263db   Thumb Code     0  arm_startup_nrf52.o(.text)
    WDT_IRQHandler                           0x000263db   Thumb Code     0  arm_startup_nrf52.o(.text)
    __aeabi_llsl                             0x000263e5   Thumb Code    30  llshl.o(.text)
    _ll_shift_l                              0x000263e5   Thumb Code     0  llshl.o(.text)
    __rt_ctype_table                         0x00026405   Thumb Code     4  ctype_o.o(.text)
    __aeabi_memcpy                           0x0002640d   Thumb Code    36  memcpya.o(.text)
    __aeabi_memcpy4                          0x0002640d   Thumb Code     0  memcpya.o(.text)
    __aeabi_memcpy8                          0x0002640d   Thumb Code     0  memcpya.o(.text)
    __aeabi_memset                           0x00026431   Thumb Code    14  memseta.o(.text)
    __aeabi_memset4                          0x00026431   Thumb Code     0  memseta.o(.text)
    __aeabi_memset8                          0x00026431   Thumb Code     0  memseta.o(.text)
    __aeabi_memclr                           0x0002643f   Thumb Code     4  memseta.o(.text)
    __aeabi_memclr4                          0x0002643f   Thumb Code     0  memseta.o(.text)
    __aeabi_memclr8                          0x0002643f   Thumb Code     0  memseta.o(.text)
    _memset$wrapper                          0x00026443   Thumb Code    18  memseta.o(.text)
    strlen                                   0x00026455   Thumb Code    14  strlen.o(.text)
    strcmp                                   0x00026463   Thumb Code    28  strcmp.o(.text)
    memcmp                                   0x0002647f   Thumb Code    26  memcmp.o(.text)
    __scatterload                            0x00026499   Thumb Code    28  init.o(.text)
    __scatterload_rt2                        0x00026499   Thumb Code     0  init.o(.text)
    __decompress                             0x000264bd   Thumb Code     0  __dczerorl2.o(.text)
    __decompress1                            0x000264bd   Thumb Code    86  __dczerorl2.o(.text)
    GPIOTE_IRQHandler                        0x00026515   Thumb Code   154  nrfx_gpiote.o(i.GPIOTE_IRQHandler)
    POWER_CLOCK_IRQHandler                   0x000265b9   Thumb Code    82  nrfx_clock.o(i.POWER_CLOCK_IRQHandler)
    RTC1_IRQHandler                          0x00026611   Thumb Code    12  drv_rtc.o(i.RTC1_IRQHandler)
    SWI2_EGU2_IRQHandler                     0x00026621   Thumb Code     4  nrf_sdh.o(i.SWI2_EGU2_IRQHandler)
    SystemInit                               0x00026625   Thumb Code   848  system_nrf52.o(i.SystemInit)
    UARTE0_UART0_IRQHandler                  0x000269bd   Thumb Code     6  nrfx_prs.o(i.UARTE0_UART0_IRQHandler)
    __scatterload_copy                       0x000269c9   Thumb Code    14  handlers.o(i.__scatterload_copy)
    __scatterload_null                       0x000269d7   Thumb Code     2  handlers.o(i.__scatterload_null)
    __scatterload_zeroinit                   0x000269d9   Thumb Code    14  handlers.o(i.__scatterload_zeroinit)
    app_button_enable                        0x00026a45   Thumb Code    32  app_button.o(i.app_button_enable)
    app_button_init                          0x00026a69   Thumb Code   106  app_button.o(i.app_button_init)
    app_error_fault_handler                  0x00026ae9   Thumb Code    86  app_error_weak.o(i.app_error_fault_handler)
    app_error_handler_bare                   0x00026b6d   Thumb Code    22  app_error.o(i.app_error_handler_bare)
    app_timer_cnt_get                        0x00026b85   Thumb Code     6  app_timer2.o(i.app_timer_cnt_get)
    app_timer_create                         0x00026b91   Thumb Code    22  app_timer2.o(i.app_timer_create)
    app_timer_init                           0x00026ba9   Thumb Code    70  app_timer2.o(i.app_timer_init)
    app_timer_start                          0x00026c05   Thumb Code    48  app_timer2.o(i.app_timer_start)
    app_util_critical_region_enter           0x00026c35   Thumb Code    64  app_util_platform.o(i.app_util_critical_region_enter)
    app_util_critical_region_exit            0x00026c7d   Thumb Code    46  app_util_platform.o(i.app_util_critical_region_exit)
    ble_advdata_name_find                    0x00026dc1   Thumb Code    68  ble_advdata.o(i.ble_advdata_name_find)
    ble_advdata_search                       0x00026e05   Thumb Code    70  ble_advdata.o(i.ble_advdata_search)
    ble_db_discovery_evt_register            0x00026e4d   Thumb Code    56  ble_db_discovery.o(i.ble_db_discovery_evt_register)
    ble_db_discovery_init                    0x00026e8d   Thumb Code    32  ble_db_discovery.o(i.ble_db_discovery_init)
    ble_db_discovery_on_ble_evt              0x00026eb1   Thumb Code    86  ble_db_discovery.o(i.ble_db_discovery_on_ble_evt)
    ble_db_discovery_start                   0x00026f0d   Thumb Code    34  ble_db_discovery.o(i.ble_db_discovery_start)
    ble_lbs_c_button_notif_enable            0x00027195   Thumb Code    84  ble_lbs_c.o(i.ble_lbs_c_button_notif_enable)
    ble_lbs_c_handles_assign                 0x000271ed   Thumb Code    26  ble_lbs_c.o(i.ble_lbs_c_handles_assign)
    ble_lbs_c_init                           0x00027209   Thumb Code    92  ble_lbs_c.o(i.ble_lbs_c_init)
    ble_lbs_c_on_ble_evt                     0x00027269   Thumb Code    96  ble_lbs_c.o(i.ble_lbs_c_on_ble_evt)
    ble_lbs_led_status_send                  0x000272c9   Thumb Code    86  ble_lbs_c.o(i.ble_lbs_led_status_send)
    ble_lbs_on_db_disc_evt                   0x00027325   Thumb Code   140  ble_lbs_c.o(i.ble_lbs_on_db_disc_evt)
    bsp_board_init                           0x000273b1   Thumb Code    80  boards.o(i.bsp_board_init)
    bsp_board_led_off                        0x00027405   Thumb Code    10  boards.o(i.bsp_board_led_off)
    bsp_board_led_on                         0x00027415   Thumb Code    10  boards.o(i.bsp_board_led_on)
    bsp_board_leds_off                       0x00027425   Thumb Code    18  boards.o(i.bsp_board_leds_off)
    bsp_event_to_button_action_assign        0x00027439   Thumb Code    64  bsp.o(i.bsp_event_to_button_action_assign)
    buffer_is_empty                          0x00027541   Thumb Code    18  nrf_log_frontend.o(i.buffer_is_empty)
    conn_handle_list_get                     0x0002773f   Thumb Code    62  ble_conn_state.o(i.conn_handle_list_get)
    drv_rtc_compare_disable                  0x00027b0d   Thumb Code    20  drv_rtc.o(i.drv_rtc_compare_disable)
    drv_rtc_compare_pending                  0x00027b21   Thumb Code    14  drv_rtc.o(i.drv_rtc_compare_pending)
    drv_rtc_compare_set                      0x00027b2f   Thumb Code    80  drv_rtc.o(i.drv_rtc_compare_set)
    drv_rtc_counter_get                      0x00027b7f   Thumb Code     8  drv_rtc.o(i.drv_rtc_counter_get)
    drv_rtc_init                             0x00027b89   Thumb Code   148  drv_rtc.o(i.drv_rtc_init)
    drv_rtc_irq_trigger                      0x00027c61   Thumb Code    30  drv_rtc.o(i.drv_rtc_irq_trigger)
    drv_rtc_overflow_enable                  0x00027c7f   Thumb Code     8  drv_rtc.o(i.drv_rtc_overflow_enable)
    drv_rtc_overflow_pending                 0x00027c87   Thumb Code     8  drv_rtc.o(i.drv_rtc_overflow_pending)
    drv_rtc_start                            0x00027c8f   Thumb Code     8  drv_rtc.o(i.drv_rtc_start)
    drv_rtc_stop                             0x00027c97   Thumb Code     8  drv_rtc.o(i.drv_rtc_stop)
    drv_rtc_windowed_compare_set             0x00027c9f   Thumb Code   222  drv_rtc.o(i.drv_rtc_windowed_compare_set)
    evt_handle                               0x00027d91   Thumb Code   216  app_button.o(i.evt_handle)
    is_whitelist_used                        0x00028125   Thumb Code    24  nrf_ble_scan.o(i.is_whitelist_used)
    main                                     0x000282d5   Thumb Code   214  main.o(i.main)
    nrf_atfifo_init                          0x0002849d   Thumb Code    38  nrf_atfifo.o(i.nrf_atfifo_init)
    nrf_atfifo_item_alloc                    0x000284c3   Thumb Code    22  nrf_atfifo.o(i.nrf_atfifo_item_alloc)
    nrf_atfifo_item_free                     0x000284d9   Thumb Code    22  nrf_atfifo.o(i.nrf_atfifo_item_free)
    nrf_atfifo_item_get                      0x000284ef   Thumb Code    22  nrf_atfifo.o(i.nrf_atfifo_item_get)
    nrf_atfifo_item_put                      0x00028505   Thumb Code    22  nrf_atfifo.o(i.nrf_atfifo_item_put)
    nrf_atflags_clear                        0x0002851b   Thumb Code    22  nrf_atflags.o(i.nrf_atflags_clear)
    nrf_atflags_get                          0x00028531   Thumb Code    22  nrf_atflags.o(i.nrf_atflags_get)
    nrf_atflags_set                          0x00028547   Thumb Code    20  nrf_atflags.o(i.nrf_atflags_set)
    nrf_atomic_flag_clear_fetch              0x0002855b   Thumb Code     6  nrf_atomic.o(i.nrf_atomic_flag_clear_fetch)
    nrf_atomic_flag_set                      0x00028561   Thumb Code     6  nrf_atomic.o(i.nrf_atomic_flag_set)
    nrf_atomic_u32_add                       0x00028567   Thumb Code    12  nrf_atomic.o(i.nrf_atomic_u32_add)
    nrf_atomic_u32_and                       0x00028573   Thumb Code    12  nrf_atomic.o(i.nrf_atomic_u32_and)
    nrf_atomic_u32_fetch_and                 0x0002857f   Thumb Code    10  nrf_atomic.o(i.nrf_atomic_u32_fetch_and)
    nrf_atomic_u32_fetch_store               0x00028589   Thumb Code    10  nrf_atomic.o(i.nrf_atomic_u32_fetch_store)
    nrf_atomic_u32_or                        0x00028593   Thumb Code    12  nrf_atomic.o(i.nrf_atomic_u32_or)
    nrf_atomic_u32_sub                       0x0002859f   Thumb Code    12  nrf_atomic.o(i.nrf_atomic_u32_sub)
    nrf_balloc_alloc                         0x000285ab   Thumb Code    68  nrf_balloc.o(i.nrf_balloc_alloc)
    nrf_balloc_free                          0x000285ef   Thumb Code    48  nrf_balloc.o(i.nrf_balloc_free)
    nrf_balloc_init                          0x0002861f   Thumb Code    48  nrf_balloc.o(i.nrf_balloc_init)
    nrf_ble_gatt_init                        0x0002865f   Thumb Code    34  nrf_ble_gatt.o(i.nrf_ble_gatt_init)
    nrf_ble_gatt_on_ble_evt                  0x00028681   Thumb Code   270  nrf_ble_gatt.o(i.nrf_ble_gatt_on_ble_evt)
    nrf_ble_gq_conn_handle_register          0x000287d1   Thumb Code   110  nrf_ble_gq.o(i.nrf_ble_gq_conn_handle_register)
    nrf_ble_gq_item_add                      0x00028841   Thumb Code   154  nrf_ble_gq.o(i.nrf_ble_gq_item_add)
    nrf_ble_gq_on_ble_evt                    0x000288e1   Thumb Code    96  nrf_ble_gq.o(i.nrf_ble_gq_on_ble_evt)
    nrf_ble_scan_filter_set                  0x000289c5   Thumb Code   110  nrf_ble_scan.o(i.nrf_ble_scan_filter_set)
    nrf_ble_scan_filters_disable             0x00028a33   Thumb Code    16  nrf_ble_scan.o(i.nrf_ble_scan_filters_disable)
    nrf_ble_scan_filters_enable              0x00028a43   Thumb Code    58  nrf_ble_scan.o(i.nrf_ble_scan_filters_enable)
    nrf_ble_scan_init                        0x00028a7d   Thumb Code   112  nrf_ble_scan.o(i.nrf_ble_scan_init)
    nrf_ble_scan_on_ble_evt                  0x00028bbf   Thumb Code   128  nrf_ble_scan.o(i.nrf_ble_scan_on_ble_evt)
    nrf_ble_scan_start                       0x00028c41   Thumb Code    92  nrf_ble_scan.o(i.nrf_ble_scan_start)
    nrf_drv_clock_init                       0x00028ce9   Thumb Code    56  nrf_drv_clock.o(i.nrf_drv_clock_init)
    nrf_drv_clock_lfclk_release              0x00028d29   Thumb Code    48  nrf_drv_clock.o(i.nrf_drv_clock_lfclk_release)
    nrf_drv_uart_init                        0x00028d5d   Thumb Code    90  nrf_drv_uart.o(i.nrf_drv_uart_init)
    nrf_fprintf                              0x00028dc5   Thumb Code    26  nrf_fprintf.o(i.nrf_fprintf)
    nrf_fprintf_buffer_flush                 0x00028ddf   Thumb Code    24  nrf_fprintf.o(i.nrf_fprintf_buffer_flush)
    nrf_fprintf_fmt                          0x00028df7   Thumb Code   474  nrf_fprintf_format.o(i.nrf_fprintf_fmt)
    nrf_log_backend_add                      0x00029179   Thumb Code    86  nrf_log_frontend.o(i.nrf_log_backend_add)
    nrf_log_backend_serial_put               0x000291d5   Thumb Code   200  nrf_log_backend_serial.o(i.nrf_log_backend_serial_put)
    nrf_log_backend_uart_init                0x0002929f   Thumb Code     6  nrf_log_backend_uart.o(i.nrf_log_backend_uart_init)
    nrf_log_color_id_get                     0x000292e9   Thumb Code    42  nrf_log_frontend.o(i.nrf_log_color_id_get)
    nrf_log_default_backends_init            0x00029319   Thumb Code    24  nrf_log_default_backends.o(i.nrf_log_default_backends_init)
    nrf_log_frontend_dequeue                 0x00029335   Thumb Code   528  nrf_log_frontend.o(i.nrf_log_frontend_dequeue)
    nrf_log_frontend_std_0                   0x0002956d   Thumb Code     8  nrf_log_frontend.o(i.nrf_log_frontend_std_0)
    nrf_log_frontend_std_1                   0x00029575   Thumb Code    14  nrf_log_frontend.o(i.nrf_log_frontend_std_1)
    nrf_log_frontend_std_2                   0x00029583   Thumb Code    16  nrf_log_frontend.o(i.nrf_log_frontend_std_2)
    nrf_log_frontend_std_3                   0x00029593   Thumb Code    18  nrf_log_frontend.o(i.nrf_log_frontend_std_3)
    nrf_log_hexdump_entry_process            0x000295a5   Thumb Code   150  nrf_log_str_formatter.o(i.nrf_log_hexdump_entry_process)
    nrf_log_init                             0x00029655   Thumb Code    28  nrf_log_frontend.o(i.nrf_log_init)
    nrf_log_module_cnt_get                   0x0002967d   Thumb Code    10  nrf_log_frontend.o(i.nrf_log_module_cnt_get)
    nrf_log_module_name_get                  0x00029691   Thumb Code    24  nrf_log_frontend.o(i.nrf_log_module_name_get)
    nrf_log_panic                            0x000296ad   Thumb Code    36  nrf_log_frontend.o(i.nrf_log_panic)
    nrf_log_std_entry_process                0x000296d5   Thumb Code   182  nrf_log_str_formatter.o(i.nrf_log_std_entry_process)
    nrf_memobj_alloc                         0x0002978b   Thumb Code    96  nrf_memobj.o(i.nrf_memobj_alloc)
    nrf_memobj_free                          0x000297eb   Thumb Code    50  nrf_memobj.o(i.nrf_memobj_free)
    nrf_memobj_get                           0x0002981d   Thumb Code     8  nrf_memobj.o(i.nrf_memobj_get)
    nrf_memobj_pool_init                     0x00029825   Thumb Code     4  nrf_memobj.o(i.nrf_memobj_pool_init)
    nrf_memobj_put                           0x00029829   Thumb Code    30  nrf_memobj.o(i.nrf_memobj_put)
    nrf_memobj_read                          0x00029847   Thumb Code    16  nrf_memobj.o(i.nrf_memobj_read)
    nrf_memobj_write                         0x00029857   Thumb Code    16  nrf_memobj.o(i.nrf_memobj_write)
    nrf_pwr_mgmt_init                        0x00029869   Thumb Code    28  nrf_pwr_mgmt.o(i.nrf_pwr_mgmt_init)
    nrf_pwr_mgmt_run                         0x00029891   Thumb Code    64  nrf_pwr_mgmt.o(i.nrf_pwr_mgmt_run)
    nrf_queue_generic_pop                    0x000298d5   Thumb Code   142  nrf_queue.o(i.nrf_queue_generic_pop)
    nrf_queue_is_empty                       0x00029963   Thumb Code    18  nrf_queue.o(i.nrf_queue_is_empty)
    nrf_queue_is_full                        0x00029975   Thumb Code    30  nrf_queue.o(i.nrf_queue_is_full)
    nrf_queue_push                           0x000299a1   Thumb Code   178  nrf_queue.o(i.nrf_queue_push)
    nrf_ringbuf_init                         0x00029a53   Thumb Code    28  nrf_ringbuf.o(i.nrf_ringbuf_init)
    nrf_sdh_ble_app_ram_start_get            0x00029a7d   Thumb Code    16  nrf_sdh_ble.o(i.nrf_sdh_ble_app_ram_start_get)
    nrf_sdh_ble_default_cfg_set              0x00029a91   Thumb Code   226  nrf_sdh_ble.o(i.nrf_sdh_ble_default_cfg_set)
    nrf_sdh_ble_enable                       0x00029b91   Thumb Code   116  nrf_sdh_ble.o(i.nrf_sdh_ble_enable)
    nrf_sdh_enable_request                   0x00029d1d   Thumb Code   102  nrf_sdh.o(i.nrf_sdh_enable_request)
    nrf_sdh_evts_poll                        0x00029d91   Thumb Code    32  nrf_sdh.o(i.nrf_sdh_evts_poll)
    nrf_sdh_is_enabled                       0x00029db5   Thumb Code     6  nrf_sdh.o(i.nrf_sdh_is_enabled)
    nrf_section_iter_init                    0x00029dfd   Thumb Code    10  nrf_section_iter.o(i.nrf_section_iter_init)
    nrf_section_iter_next                    0x00029e2b   Thumb Code    32  nrf_section_iter.o(i.nrf_section_iter_next)
    nrf_sortlist_add                         0x00029e4b   Thumb Code    34  nrf_sortlist.o(i.nrf_sortlist_add)
    nrf_sortlist_peek                        0x00029e6d   Thumb Code     6  nrf_sortlist.o(i.nrf_sortlist_peek)
    nrf_sortlist_pop                         0x00029e73   Thumb Code    14  nrf_sortlist.o(i.nrf_sortlist_pop)
    nrf_sortlist_remove                      0x00029e81   Thumb Code    30  nrf_sortlist.o(i.nrf_sortlist_remove)
    nrf_strerror_find                        0x00029ea1   Thumb Code    52  nrf_strerror.o(i.nrf_strerror_find)
    nrf_strerror_get                         0x00029ed9   Thumb Code    14  nrf_strerror.o(i.nrf_strerror_get)
    nrfx_clock_enable                        0x00029f35   Thumb Code    34  nrfx_clock.o(i.nrfx_clock_enable)
    nrfx_clock_init                          0x00029f61   Thumb Code    26  nrfx_clock.o(i.nrfx_clock_init)
    nrfx_clock_lfclk_stop                    0x00029f81   Thumb Code    38  nrfx_clock.o(i.nrfx_clock_lfclk_stop)
    nrfx_gpiote_in_event_enable              0x00029fc1   Thumb Code   152  nrfx_gpiote.o(i.nrfx_gpiote_in_event_enable)
    nrfx_gpiote_in_init                      0x0002a061   Thumb Code   190  nrfx_gpiote.o(i.nrfx_gpiote_in_init)
    nrfx_gpiote_in_is_set                    0x0002a12d   Thumb Code    20  nrfx_gpiote.o(i.nrfx_gpiote_in_is_set)
    nrfx_gpiote_init                         0x0002a141   Thumb Code   102  nrfx_gpiote.o(i.nrfx_gpiote_init)
    nrfx_gpiote_is_init                      0x0002a1b5   Thumb Code    14  nrfx_gpiote.o(i.nrfx_gpiote_is_init)
    nrfx_prs_acquire                         0x0002a1d9   Thumb Code    58  nrfx_prs.o(i.nrfx_prs_acquire)
    nrfx_prs_release                         0x0002a213   Thumb Code    18  nrfx_prs.o(i.nrfx_prs_release)
    nrfx_uart_0_irq_handler                  0x0002a225   Thumb Code     8  nrfx_uart.o(i.nrfx_uart_0_irq_handler)
    nrfx_uart_init                           0x0002a235   Thumb Code   200  nrfx_uart.o(i.nrfx_uart_init)
    nrfx_uart_tx                             0x0002a309   Thumb Code   162  nrfx_uart.o(i.nrfx_uart_tx)
    nrfx_uart_tx_in_progress                 0x0002a3b1   Thumb Code    26  nrfx_uart.o(i.nrfx_uart_tx_in_progress)
    nrfx_uart_uninit                         0x0002a3d1   Thumb Code   182  nrfx_uart.o(i.nrfx_uart_uninit)
    nrfx_uarte_0_irq_handler                 0x0002a491   Thumb Code     8  nrfx_uarte.o(i.nrfx_uarte_0_irq_handler)
    nrfx_uarte_init                          0x0002a4a1   Thumb Code   100  nrfx_uarte.o(i.nrfx_uarte_init)
    nrfx_uarte_tx                            0x0002a50d   Thumb Code   166  nrfx_uarte.o(i.nrfx_uarte_tx)
    nrfx_uarte_tx_in_progress                0x0002a5b9   Thumb Code    22  nrfx_uarte.o(i.nrfx_uarte_tx_in_progress)
    nrfx_uarte_uninit                        0x0002a5d5   Thumb Code   254  nrfx_uarte.o(i.nrfx_uarte_uninit)
    nrf_log_backend_uart_api                 0x0002bc78   Data          12  nrf_log_backend_uart.o(.constdata)
    m_ram_start                              0x0002bd28   Data           4  nrf_sdh_ble.o(.constdata)
    __ctype_table                            0x0002bd54   Data         129  ctype_o.o(.constdata)
    Region$$Table$$Base                      0x0002c668   Number         0  anon$$obj.o(Region$$Table)
    Region$$Table$$Limit                     0x0002c688   Number         0  anon$$obj.o(Region$$Table)
    log_const_data$$Base                     0x0002c698   Number         0  ble_db_discovery.o(log_const_data)
    m_nrf_log_ble_db_disc_logs_data_const    0x0002c698   Data           8  ble_db_discovery.o(log_const_data)
    m_nrf_log_nrf_ble_gatt_logs_data_const   0x0002c6a0   Data           8  nrf_ble_gatt.o(log_const_data)
    m_nrf_log_nrf_ble_gq_logs_data_const     0x0002c6a8   Data           8  nrf_ble_gq.o(log_const_data)
    m_nrf_log_ble_scan_logs_data_const       0x0002c6b0   Data           8  nrf_ble_scan.o(log_const_data)
    m_nrf_log_ble_lbs_c_logs_data_const      0x0002c6b8   Data           8  ble_lbs_c.o(log_const_data)
    m_nrf_log_clock_logs_data_const          0x0002c6c0   Data           8  nrf_drv_clock.o(log_const_data)
    m_nrf_log_CLOCK_logs_data_const          0x0002c6c8   Data           8  nrfx_clock.o(log_const_data)
    m_nrf_log_GPIOTE_logs_data_const         0x0002c6d0   Data           8  nrfx_gpiote.o(log_const_data)
    m_nrf_log_PRS_logs_data_const            0x0002c6d8   Data           8  nrfx_prs.o(log_const_data)
    m_nrf_log_UART_logs_data_const           0x0002c6e0   Data           8  nrfx_uart.o(log_const_data)
    m_nrf_log_UARTE_logs_data_const          0x0002c6e8   Data           8  nrfx_uarte.o(log_const_data)
    m_nrf_log_app_button_logs_data_const     0x0002c6f0   Data           8  app_button.o(log_const_data)
    m_nrf_log_app_timer_logs_data_const      0x0002c6f8   Data           8  app_timer2.o(log_const_data)
    m_nrf_log_pwr_mgmt_logs_data_const       0x0002c700   Data           8  nrf_pwr_mgmt.o(log_const_data)
    m_nrf_log_sortlist_logs_data_const       0x0002c708   Data           8  nrf_sortlist.o(log_const_data)
    m_nrf_log_app_logs_data_const            0x0002c710   Data           8  nrf_log_frontend.o(log_const_data)
    m_nrf_log_nrf_sdh_logs_data_const        0x0002c718   Data           8  nrf_sdh.o(log_const_data)
    m_nrf_log_nrf_sdh_ble_logs_data_const    0x0002c720   Data           8  nrf_sdh_ble.o(log_const_data)
    m_nrf_log_nrf_sdh_soc_logs_data_const    0x0002c728   Data           8  nrf_sdh_soc.o(log_const_data)
    log_const_data$$Limit                    0x0002c730   Number         0  nrf_sdh_soc.o(log_const_data)
    m_ble_gatt_queuepool                     0x0002c730   Data          20  main.o(nrf_balloc)
    log_mempool                              0x0002c744   Data          20  nrf_log_frontend.o(nrf_balloc)
    m_ble_gatt_queuepurge_queue              0x0002c758   Data          20  main.o(nrf_queue)
    sdh_ble_observers0$$Base                 0x0002c76c   Number         0  ble_conn_state.o(sdh_ble_observers0)
    sdh_ble_observers0$$Limit                0x0002c774   Number         0  ble_conn_state.o(sdh_ble_observers0)
    sdh_ble_observers1$$Base                 0x0002c774   Number         0  main.o(sdh_ble_observers1)
    sdh_ble_observers1$$Limit                0x0002c79c   Number         0  bsp_btn_ble.o(sdh_ble_observers1)
    sdh_ble_observers2$$Base                 0x0002c79c   Number         0  main.o(sdh_ble_observers2)
    sdh_ble_observers2$$Limit                0x0002c7a4   Number         0  main.o(sdh_ble_observers2)
    sdh_ble_observers3$$Base                 0x0002c7a4   Number         0  main.o(sdh_ble_observers3)
    sdh_ble_observers3$$Limit                0x0002c7ac   Number         0  main.o(sdh_ble_observers3)
    sdh_soc_observers0$$Base                 0x0002c7ac   Number         0  nrf_drv_clock.o(sdh_soc_observers0)
    sdh_soc_observers0$$Limit                0x0002c7b4   Number         0  nrf_drv_clock.o(sdh_soc_observers0)
    sdh_stack_observers0$$Base               0x0002c7b4   Number         0  nrf_sdh_ble.o(sdh_stack_observers0)
    sdh_stack_observers0$$Limit              0x0002c7c4   Number         0  nrf_sdh_soc.o(sdh_stack_observers0)
    sdh_state_observers0$$Base               0x0002c7c4   Number         0  nrf_drv_clock.o(sdh_state_observers0)
    sdh_state_observers0$$Limit              0x0002c7cc   Number         0  nrf_drv_clock.o(sdh_state_observers0)
    Image$$RW_IRAM1$$Base                    0x20001db8   Number         0  anon$$obj.o ABSOLUTE
    nrf_drv_uart_use_easy_dma                0x200023d4   Data           1  nrf_drv_uart.o(.data)
    m_uart                                   0x20002444   Data          20  nrf_log_backend_uart.o(.data)
    SystemCoreClock                          0x200024b8   Data           4  system_nrf52.o(.data)
    nrf_nvic_state                           0x200028c0   Data          12  app_util_platform.o(.bss)
    __initial_sp                             0x20004e90   Data           0  arm_startup_nrf52.o(STACK)



==============================================================================

Memory Map of the image

  Image Entry point : 0x00026201

  Load Region LR_IROM1 (Base: 0x00026000, Size: 0x00006ed0, Max: 0x0005a000, ABSOLUTE, COMPRESSED[0x0000683c])

    Execution Region ER_IROM1 (Exec base: 0x00026000, Load base: 0x00026000, Size: 0x000067cc, Max: 0x0005a000, ABSOLUTE)

    Exec Addr    Load Addr    Size         Type   Attr      Idx    E Section Name        Object

    0x00026000   0x00026000   0x00000200   Data   RO         5366    RESET               arm_startup_nrf52.o
    0x00026200   0x00026200   0x00000000   Code   RO         5422  * .ARM.Collect$$$$00000000  mc_w.l(entry.o)
    0x00026200   0x00026200   0x00000004   Code   RO         5476    .ARM.Collect$$$$00000001  mc_w.l(entry2.o)
    0x00026204   0x00026204   0x00000004   Code   RO         5479    .ARM.Collect$$$$00000004  mc_w.l(entry5.o)
    0x00026208   0x00026208   0x00000000   Code   RO         5481    .ARM.Collect$$$$00000008  mc_w.l(entry7b.o)
    0x00026208   0x00026208   0x00000000   Code   RO         5483    .ARM.Collect$$$$0000000A  mc_w.l(entry8b.o)
    0x00026208   0x00026208   0x00000008   Code   RO         5484    .ARM.Collect$$$$0000000B  mc_w.l(entry9a.o)
    0x00026210   0x00026210   0x00000000   Code   RO         5486    .ARM.Collect$$$$0000000D  mc_w.l(entry10a.o)
    0x00026210   0x00026210   0x00000000   Code   RO         5488    .ARM.Collect$$$$0000000F  mc_w.l(entry11a.o)
    0x00026210   0x00026210   0x00000004   Code   RO         5477    .ARM.Collect$$$$00002712  mc_w.l(entry2.o)
    0x00026214   0x00026214   0x000000c8   Code   RO         3545    .emb_text           nrf_atfifo.o
    0x000262dc   0x000262dc   0x000000e2   Code   RO         3681    .emb_text           nrf_atomic.o
    0x000263be   0x000263be   0x00000002   PAD
    0x000263c0   0x000263c0   0x00000024   Code   RO         5367    .text               arm_startup_nrf52.o
    0x000263e4   0x000263e4   0x0000001e   Code   RO         5432    .text               mc_w.l(llshl.o)
    0x00026402   0x00026402   0x00000002   PAD
    0x00026404   0x00026404   0x00000008   Code   RO         5434    .text               mc_w.l(ctype_o.o)
    0x0002640c   0x0002640c   0x00000024   Code   RO         5462    .text               mc_w.l(memcpya.o)
    0x00026430   0x00026430   0x00000024   Code   RO         5464    .text               mc_w.l(memseta.o)
    0x00026454   0x00026454   0x0000000e   Code   RO         5466    .text               mc_w.l(strlen.o)
    0x00026462   0x00026462   0x0000001c   Code   RO         5468    .text               mc_w.l(strcmp.o)
    0x0002647e   0x0002647e   0x0000001a   Code   RO         5470    .text               mc_w.l(memcmp.o)
    0x00026498   0x00026498   0x00000024   Code   RO         5494    .text               mc_w.l(init.o)
    0x000264bc   0x000264bc   0x00000056   Code   RO         5504    .text               mc_w.l(__dczerorl2.o)
    0x00026512   0x00026512   0x00000002   PAD
    0x00026514   0x00026514   0x000000a4   Code   RO         2174    i.GPIOTE_IRQHandler  nrfx_gpiote.o
    0x000265b8   0x000265b8   0x00000058   Code   RO         2035    i.POWER_CLOCK_IRQHandler  nrfx_clock.o
    0x00026610   0x00026610   0x00000010   Code   RO         3331    i.RTC1_IRQHandler   drv_rtc.o
    0x00026620   0x00026620   0x00000004   Code   RO         5157    i.SWI2_EGU2_IRQHandler  nrf_sdh.o
    0x00026624   0x00026624   0x00000398   Code   RO         5375    i.SystemInit        system_nrf52.o
    0x000269bc   0x000269bc   0x0000000c   Code   RO         2479    i.UARTE0_UART0_IRQHandler  nrfx_prs.o
    0x000269c8   0x000269c8   0x0000000e   Code   RO         5498    i.__scatterload_copy  mc_w.l(handlers.o)
    0x000269d6   0x000269d6   0x00000002   Code   RO         5499    i.__scatterload_null  mc_w.l(handlers.o)
    0x000269d8   0x000269d8   0x0000000e   Code   RO         5500    i.__scatterload_zeroinit  mc_w.l(handlers.o)
    0x000269e6   0x000269e6   0x00000002   PAD
    0x000269e8   0x000269e8   0x00000024   Code   RO         5158    i.__sd_nvic_app_accessible_irq  nrf_sdh.o
    0x00026a0c   0x00026a0c   0x00000036   Code   RO          619    i.advertising_buttons_configure  bsp_btn_ble.o
    0x00026a42   0x00026a42   0x00000002   PAD
    0x00026a44   0x00026a44   0x00000024   Code   RO         2882    i.app_button_enable  app_button.o
    0x00026a68   0x00026a68   0x00000080   Code   RO         2883    i.app_button_init   app_button.o
    0x00026ae8   0x00026ae8   0x00000084   Code   RO         3036    i.app_error_fault_handler  app_error_weak.o
    0x00026b6c   0x00026b6c   0x00000016   Code   RO         2980    i.app_error_handler_bare  app_error.o
    0x00026b82   0x00026b82   0x00000002   PAD
    0x00026b84   0x00026b84   0x0000000c   Code   RO         3122    i.app_timer_cnt_get  app_timer2.o
    0x00026b90   0x00026b90   0x00000016   Code   RO         3123    i.app_timer_create  app_timer2.o
    0x00026ba6   0x00026ba6   0x00000002   PAD
    0x00026ba8   0x00026ba8   0x0000005c   Code   RO         3124    i.app_timer_init    app_timer2.o
    0x00026c04   0x00026c04   0x00000030   Code   RO         3127    i.app_timer_start   app_timer2.o
    0x00026c34   0x00026c34   0x00000048   Code   RO         3263    i.app_util_critical_region_enter  app_util_platform.o
    0x00026c7c   0x00026c7c   0x00000034   Code   RO         3264    i.app_util_critical_region_exit  app_util_platform.o
    0x00026cb0   0x00026cb0   0x00000088   Code   RO         2533    i.apply_config      nrfx_uart.o
    0x00026d38   0x00026d38   0x00000088   Code   RO         2721    i.apply_config      nrfx_uarte.o
    0x00026dc0   0x00026dc0   0x00000044   Code   RO          724    i.ble_advdata_name_find  ble_advdata.o
    0x00026e04   0x00026e04   0x00000046   Code   RO          726    i.ble_advdata_search  ble_advdata.o
    0x00026e4a   0x00026e4a   0x00000002   PAD
    0x00026e4c   0x00026e4c   0x00000040   Code   RO         1121    i.ble_db_discovery_evt_register  ble_db_discovery.o
    0x00026e8c   0x00026e8c   0x00000024   Code   RO         1122    i.ble_db_discovery_init  ble_db_discovery.o
    0x00026eb0   0x00026eb0   0x0000005c   Code   RO         1123    i.ble_db_discovery_on_ble_evt  ble_db_discovery.o
    0x00026f0c   0x00026f0c   0x00000028   Code   RO         1124    i.ble_db_discovery_start  ble_db_discovery.o
    0x00026f34   0x00026f34   0x000000d8   Code   RO            5    i.ble_evt_handler   main.o
    0x0002700c   0x0002700c   0x00000070   Code   RO          620    i.ble_evt_handler   bsp_btn_ble.o
    0x0002707c   0x0002707c   0x00000118   Code   RO          957    i.ble_evt_handler   ble_conn_state.o
    0x00027194   0x00027194   0x00000058   Code   RO         1613    i.ble_lbs_c_button_notif_enable  ble_lbs_c.o
    0x000271ec   0x000271ec   0x0000001a   Code   RO         1614    i.ble_lbs_c_handles_assign  ble_lbs_c.o
    0x00027206   0x00027206   0x00000002   PAD
    0x00027208   0x00027208   0x00000060   Code   RO         1615    i.ble_lbs_c_init    ble_lbs_c.o
    0x00027268   0x00027268   0x00000060   Code   RO         1616    i.ble_lbs_c_on_ble_evt  ble_lbs_c.o
    0x000272c8   0x000272c8   0x0000005c   Code   RO         1617    i.ble_lbs_led_status_send  ble_lbs_c.o
    0x00027324   0x00027324   0x0000008c   Code   RO         1618    i.ble_lbs_on_db_disc_evt  ble_lbs_c.o
    0x000273b0   0x000273b0   0x00000054   Code   RO          391    i.bsp_board_init    boards.o
    0x00027404   0x00027404   0x00000010   Code   RO          394    i.bsp_board_led_off  boards.o
    0x00027414   0x00027414   0x00000010   Code   RO          395    i.bsp_board_led_on  boards.o
    0x00027424   0x00027424   0x00000012   Code   RO          397    i.bsp_board_leds_off  boards.o
    0x00027436   0x00027436   0x00000002   PAD
    0x00027438   0x00027438   0x00000044   Code   RO          507    i.bsp_event_to_button_action_assign  bsp.o
    0x0002747c   0x0002747c   0x00000094   Code   RO         4556    i.buf_prealloc      nrf_log_frontend.o
    0x00027510   0x00027510   0x0000002e   Code   RO         3893    i.buffer_add        nrf_fprintf_format.o
    0x0002753e   0x0002753e   0x00000002   PAD
    0x00027540   0x00027540   0x00000018   Code   RO         4557    i.buffer_is_empty   nrf_log_frontend.o
    0x00027558   0x00027558   0x00000064   Code   RO            6    i.button_event_handler  main.o
    0x000275bc   0x000275bc   0x00000028   Code   RO         2885    i.button_get        app_button.o
    0x000275e4   0x000275e4   0x0000001c   Code   RO         2175    i.channel_free      nrfx_gpiote.o
    0x00027600   0x00027600   0x00000048   Code   RO         2176    i.channel_port_alloc  nrfx_gpiote.o
    0x00027648   0x00027648   0x00000010   Code   RO         2177    i.channel_port_get  nrfx_gpiote.o
    0x00027658   0x00027658   0x0000006c   Code   RO         1125    i.characteristics_discover  ble_db_discovery.o
    0x000276c4   0x000276c4   0x00000028   Code   RO         1687    i.clock_clk_started_notify  nrf_drv_clock.o
    0x000276ec   0x000276ec   0x0000001c   Code   RO         1688    i.clock_irq_handler  nrf_drv_clock.o
    0x00027708   0x00027708   0x00000018   Code   RO         3130    i.compare_func      app_timer2.o
    0x00027720   0x00027720   0x0000001e   Code   RO         1416    i.conn_handle_id_find  nrf_ble_gq.o
    0x0002773e   0x0002773e   0x0000003e   Code   RO          958    i.conn_handle_list_get  ble_conn_state.o
    0x0002777c   0x0002777c   0x000000c0   Code   RO         1314    i.data_length_update  nrf_ble_gatt.o
    0x0002783c   0x0002783c   0x0000000c   Code   RO            7    i.db_disc_handler   main.o
    0x00027848   0x00027848   0x000000b8   Code   RO         1126    i.descriptors_discover  ble_db_discovery.o
    0x00027900   0x00027900   0x00000048   Code   RO         2886    i.detection_delay_timeout_handler  app_button.o
    0x00027948   0x00027948   0x00000030   Code   RO         1127    i.discovery_available_evt_trigger  ble_db_discovery.o
    0x00027978   0x00027978   0x000000b4   Code   RO         1128    i.discovery_complete_evt_trigger  ble_db_discovery.o
    0x00027a2c   0x00027a2c   0x00000050   Code   RO         1129    i.discovery_error_handler  ble_db_discovery.o
    0x00027a7c   0x00027a7c   0x0000007c   Code   RO         1130    i.discovery_start   ble_db_discovery.o
    0x00027af8   0x00027af8   0x00000014   Code   RO         4558    i.dropped_sat16_get  nrf_log_frontend.o
    0x00027b0c   0x00027b0c   0x00000014   Code   RO         3332    i.drv_rtc_compare_disable  drv_rtc.o
    0x00027b20   0x00027b20   0x0000000e   Code   RO         3335    i.drv_rtc_compare_pending  drv_rtc.o
    0x00027b2e   0x00027b2e   0x00000050   Code   RO         3336    i.drv_rtc_compare_set  drv_rtc.o
    0x00027b7e   0x00027b7e   0x00000008   Code   RO         3337    i.drv_rtc_counter_get  drv_rtc.o
    0x00027b86   0x00027b86   0x00000002   PAD
    0x00027b88   0x00027b88   0x000000d8   Code   RO         3338    i.drv_rtc_init      drv_rtc.o
    0x00027c60   0x00027c60   0x0000001e   Code   RO         3339    i.drv_rtc_irq_trigger  drv_rtc.o
    0x00027c7e   0x00027c7e   0x00000008   Code   RO         3341    i.drv_rtc_overflow_enable  drv_rtc.o
    0x00027c86   0x00027c86   0x00000008   Code   RO         3342    i.drv_rtc_overflow_pending  drv_rtc.o
    0x00027c8e   0x00027c8e   0x00000008   Code   RO         3343    i.drv_rtc_start     drv_rtc.o
    0x00027c96   0x00027c96   0x00000008   Code   RO         3344    i.drv_rtc_stop      drv_rtc.o
    0x00027c9e   0x00027c9e   0x000000de   Code   RO         3349    i.drv_rtc_windowed_compare_set  drv_rtc.o
    0x00027d7c   0x00027d7c   0x00000012   Code   RO         3350    i.evt_enable        drv_rtc.o
    0x00027d8e   0x00027d8e   0x00000002   PAD
    0x00027d90   0x00027d90   0x000000e0   Code   RO         2887    i.evt_handle        app_button.o
    0x00027e70   0x00027e70   0x00000014   Code   RO         3351    i.evt_pending       drv_rtc.o
    0x00027e84   0x00027e84   0x0000000a   Code   RO          959    i.flag_toggle       ble_conn_state.o
    0x00027e8e   0x00027e8e   0x0000000a   Code   RO         1619    i.gatt_error_handler  ble_lbs_c.o
    0x00027e98   0x00027e98   0x0000002c   Code   RO         1417    i.gattc_write_alloc  nrf_ble_gq.o
    0x00027ec4   0x00027ec4   0x0000003e   Code   RO         1418    i.gatts_hvx_alloc   nrf_ble_gq.o
    0x00027f02   0x00027f02   0x00000002   PAD
    0x00027f04   0x00027f04   0x00000034   Code   RO         3131    i.get_now           app_timer2.o
    0x00027f38   0x00027f38   0x0000003c   Code   RO         2888    i.gpiote_event_handler  app_button.o
    0x00027f74   0x00027f74   0x000000a6   Code   RO         3894    i.int_print         nrf_fprintf_format.o
    0x0002801a   0x0002801a   0x00000002   PAD
    0x0002801c   0x0002801c   0x00000088   Code   RO         2722    i.interrupts_enable  nrfx_uarte.o
    0x000280a4   0x000280a4   0x00000034   Code   RO         4559    i.invalid_packets_omit  nrf_log_frontend.o
    0x000280d8   0x000280d8   0x0000004c   Code   RO         1131    i.is_desc_discovery_reqd  ble_db_discovery.o
    0x00028124   0x00028124   0x00000018   Code   RO         1497    i.is_whitelist_used  nrf_ble_scan.o
    0x0002813c   0x0002813c   0x000000dc   Code   RO            8    i.lbs_c_evt_handler  main.o
    0x00028218   0x00028218   0x00000004   Code   RO            9    i.lbs_error_handler  main.o
    0x0002821c   0x0002821c   0x00000014   Code   RO         1315    i.link_init         nrf_ble_gatt.o
    0x00028230   0x00028230   0x000000a4   Code   RO         4560    i.log_skip          nrf_log_frontend.o
    0x000282d4   0x000282d4   0x00000118   Code   RO           10    i.main              main.o
    0x000283ec   0x000283ec   0x0000007e   Code   RO         3933    i.memobj_op         nrf_memobj.o
    0x0002846a   0x0002846a   0x00000002   PAD
    0x0002846c   0x0002846c   0x00000030   Code   RO         4561    i.module_idx_get    nrf_log_frontend.o
    0x0002849c   0x0002849c   0x00000026   Code   RO         3549    i.nrf_atfifo_init   nrf_atfifo.o
    0x000284c2   0x000284c2   0x00000016   Code   RO         3550    i.nrf_atfifo_item_alloc  nrf_atfifo.o
    0x000284d8   0x000284d8   0x00000016   Code   RO         3551    i.nrf_atfifo_item_free  nrf_atfifo.o
    0x000284ee   0x000284ee   0x00000016   Code   RO         3552    i.nrf_atfifo_item_get  nrf_atfifo.o
    0x00028504   0x00028504   0x00000016   Code   RO         3553    i.nrf_atfifo_item_put  nrf_atfifo.o
    0x0002851a   0x0002851a   0x00000016   Code   RO         3615    i.nrf_atflags_clear  nrf_atflags.o
    0x00028530   0x00028530   0x00000016   Code   RO         3620    i.nrf_atflags_get   nrf_atflags.o
    0x00028546   0x00028546   0x00000014   Code   RO         3622    i.nrf_atflags_set   nrf_atflags.o
    0x0002855a   0x0002855a   0x00000006   Code   RO         3683    i.nrf_atomic_flag_clear_fetch  nrf_atomic.o
    0x00028560   0x00028560   0x00000006   Code   RO         3684    i.nrf_atomic_flag_set  nrf_atomic.o
    0x00028566   0x00028566   0x0000000c   Code   RO         3686    i.nrf_atomic_u32_add  nrf_atomic.o
    0x00028572   0x00028572   0x0000000c   Code   RO         3687    i.nrf_atomic_u32_and  nrf_atomic.o
    0x0002857e   0x0002857e   0x0000000a   Code   RO         3690    i.nrf_atomic_u32_fetch_and  nrf_atomic.o
    0x00028588   0x00028588   0x0000000a   Code   RO         3692    i.nrf_atomic_u32_fetch_store  nrf_atomic.o
    0x00028592   0x00028592   0x0000000c   Code   RO         3696    i.nrf_atomic_u32_or  nrf_atomic.o
    0x0002859e   0x0002859e   0x0000000c   Code   RO         3698    i.nrf_atomic_u32_sub  nrf_atomic.o
    0x000285aa   0x000285aa   0x00000044   Code   RO         3817    i.nrf_balloc_alloc  nrf_balloc.o
    0x000285ee   0x000285ee   0x00000030   Code   RO         3818    i.nrf_balloc_free   nrf_balloc.o
    0x0002861e   0x0002861e   0x00000030   Code   RO         3819    i.nrf_balloc_init   nrf_balloc.o
    0x0002864e   0x0002864e   0x00000010   Code   RO         2178    i.nrf_bitmask_bit_is_set  nrfx_gpiote.o
    0x0002865e   0x0002865e   0x00000022   Code   RO         1321    i.nrf_ble_gatt_init  nrf_ble_gatt.o
    0x00028680   0x00028680   0x00000150   Code   RO         1322    i.nrf_ble_gatt_on_ble_evt  nrf_ble_gatt.o
    0x000287d0   0x000287d0   0x0000006e   Code   RO         1419    i.nrf_ble_gq_conn_handle_register  nrf_ble_gq.o
    0x0002883e   0x0002883e   0x00000002   PAD
    0x00028840   0x00028840   0x000000a0   Code   RO         1420    i.nrf_ble_gq_item_add  nrf_ble_gq.o
    0x000288e0   0x000288e0   0x00000060   Code   RO         1421    i.nrf_ble_gq_on_ble_evt  nrf_ble_gq.o
    0x00028940   0x00028940   0x00000050   Code   RO         1499    i.nrf_ble_scan_connect_with_target  nrf_ble_scan.o
    0x00028990   0x00028990   0x00000014   Code   RO         1501    i.nrf_ble_scan_default_conn_param_set  nrf_ble_scan.o
    0x000289a4   0x000289a4   0x00000020   Code   RO         1502    i.nrf_ble_scan_default_param_set  nrf_ble_scan.o
    0x000289c4   0x000289c4   0x0000006e   Code   RO         1504    i.nrf_ble_scan_filter_set  nrf_ble_scan.o
    0x00028a32   0x00028a32   0x00000010   Code   RO         1505    i.nrf_ble_scan_filters_disable  nrf_ble_scan.o
    0x00028a42   0x00028a42   0x0000003a   Code   RO         1506    i.nrf_ble_scan_filters_enable  nrf_ble_scan.o
    0x00028a7c   0x00028a7c   0x00000070   Code   RO         1507    i.nrf_ble_scan_init  nrf_ble_scan.o
    0x00028aec   0x00028aec   0x000000d2   Code   RO         1508    i.nrf_ble_scan_on_adv_report  nrf_ble_scan.o
    0x00028bbe   0x00028bbe   0x00000080   Code   RO         1509    i.nrf_ble_scan_on_ble_evt  nrf_ble_scan.o
    0x00028c3e   0x00028c3e   0x00000002   PAD
    0x00028c40   0x00028c40   0x00000088   Code   RO         1511    i.nrf_ble_scan_start  nrf_ble_scan.o
    0x00028cc8   0x00028cc8   0x0000000e   Code   RO         2036    i.nrf_clock_event_check  nrfx_clock.o
    0x00028cd6   0x00028cd6   0x00000010   Code   RO         2037    i.nrf_clock_event_clear  nrfx_clock.o
    0x00028ce6   0x00028ce6   0x00000002   PAD
    0x00028ce8   0x00028ce8   0x00000040   Code   RO         1695    i.nrf_drv_clock_init  nrf_drv_clock.o
    0x00028d28   0x00028d28   0x00000034   Code   RO         1699    i.nrf_drv_clock_lfclk_release  nrf_drv_clock.o
    0x00028d5c   0x00028d5c   0x00000068   Code   RO         1844    i.nrf_drv_uart_init  nrf_drv_uart.o
    0x00028dc4   0x00028dc4   0x0000001a   Code   RO         3854    i.nrf_fprintf       nrf_fprintf.o
    0x00028dde   0x00028dde   0x00000018   Code   RO         3855    i.nrf_fprintf_buffer_flush  nrf_fprintf.o
    0x00028df6   0x00028df6   0x000001da   Code   RO         3895    i.nrf_fprintf_fmt   nrf_fprintf_format.o
    0x00028fd0   0x00028fd0   0x00000024   Code   RO          401    i.nrf_gpio_cfg      boards.o
    0x00028ff4   0x00028ff4   0x00000024   Code   RO         2179    i.nrf_gpio_cfg      nrfx_gpiote.o
    0x00029018   0x00029018   0x00000024   Code   RO         2534    i.nrf_gpio_cfg      nrfx_uart.o
    0x0002903c   0x0002903c   0x00000024   Code   RO         2723    i.nrf_gpio_cfg      nrfx_uarte.o
    0x00029060   0x00029060   0x00000012   Code   RO         2535    i.nrf_gpio_cfg_default  nrfx_uart.o
    0x00029072   0x00029072   0x00000012   Code   RO         2724    i.nrf_gpio_cfg_default  nrfx_uarte.o
    0x00029084   0x00029084   0x00000012   Code   RO         2536    i.nrf_gpio_cfg_input  nrfx_uart.o
    0x00029096   0x00029096   0x00000012   Code   RO         2725    i.nrf_gpio_cfg_input  nrfx_uarte.o
    0x000290a8   0x000290a8   0x00000014   Code   RO         2537    i.nrf_gpio_cfg_output  nrfx_uart.o
    0x000290bc   0x000290bc   0x00000014   Code   RO         2726    i.nrf_gpio_cfg_output  nrfx_uarte.o
    0x000290d0   0x000290d0   0x00000022   Code   RO         2181    i.nrf_gpio_cfg_sense_set  nrfx_gpiote.o
    0x000290f2   0x000290f2   0x00000002   PAD
    0x000290f4   0x000290f4   0x0000002c   Code   RO         2182    i.nrf_gpio_latches_read_and_clear  nrfx_gpiote.o
    0x00029120   0x00029120   0x0000001e   Code   RO         2183    i.nrf_gpio_pin_present_check  nrfx_gpiote.o
    0x0002913e   0x0002913e   0x00000016   Code   RO          402    i.nrf_gpio_pin_write  boards.o
    0x00029154   0x00029154   0x00000014   Code   RO         2184    i.nrf_gpiote_event_clear  nrfx_gpiote.o
    0x00029168   0x00029168   0x00000010   Code   RO         2185    i.nrf_gpiote_event_is_set  nrfx_gpiote.o
    0x00029178   0x00029178   0x0000005c   Code   RO         4562    i.nrf_log_backend_add  nrf_log_frontend.o
    0x000291d4   0x000291d4   0x000000c8   Code   RO         4407    i.nrf_log_backend_serial_put  nrf_log_backend_serial.o
    0x0002929c   0x0002929c   0x00000002   Code   RO         4447    i.nrf_log_backend_uart_flush  nrf_log_backend_uart.o
    0x0002929e   0x0002929e   0x00000006   Code   RO         4448    i.nrf_log_backend_uart_init  nrf_log_backend_uart.o
    0x000292a4   0x000292a4   0x0000002c   Code   RO         4449    i.nrf_log_backend_uart_panic_set  nrf_log_backend_uart.o
    0x000292d0   0x000292d0   0x00000018   Code   RO         4450    i.nrf_log_backend_uart_put  nrf_log_backend_uart.o
    0x000292e8   0x000292e8   0x00000030   Code   RO         4564    i.nrf_log_color_id_get  nrf_log_frontend.o
    0x00029318   0x00029318   0x0000001c   Code   RO         4520    i.nrf_log_default_backends_init  nrf_log_default_backends.o
    0x00029334   0x00029334   0x00000238   Code   RO         4565    i.nrf_log_frontend_dequeue  nrf_log_frontend.o
    0x0002956c   0x0002956c   0x00000008   Code   RO         4567    i.nrf_log_frontend_std_0  nrf_log_frontend.o
    0x00029574   0x00029574   0x0000000e   Code   RO         4568    i.nrf_log_frontend_std_1  nrf_log_frontend.o
    0x00029582   0x00029582   0x00000010   Code   RO         4569    i.nrf_log_frontend_std_2  nrf_log_frontend.o
    0x00029592   0x00029592   0x00000012   Code   RO         4570    i.nrf_log_frontend_std_3  nrf_log_frontend.o
    0x000295a4   0x000295a4   0x000000b0   Code   RO         4743    i.nrf_log_hexdump_entry_process  nrf_log_str_formatter.o
    0x00029654   0x00029654   0x00000028   Code   RO         4574    i.nrf_log_init      nrf_log_frontend.o
    0x0002967c   0x0002967c   0x00000014   Code   RO         4575    i.nrf_log_module_cnt_get  nrf_log_frontend.o
    0x00029690   0x00029690   0x0000001c   Code   RO         4578    i.nrf_log_module_name_get  nrf_log_frontend.o
    0x000296ac   0x000296ac   0x00000028   Code   RO         4579    i.nrf_log_panic     nrf_log_frontend.o
    0x000296d4   0x000296d4   0x000000b6   Code   RO         4744    i.nrf_log_std_entry_process  nrf_log_str_formatter.o
    0x0002978a   0x0002978a   0x00000060   Code   RO         3934    i.nrf_memobj_alloc  nrf_memobj.o
    0x000297ea   0x000297ea   0x00000032   Code   RO         3935    i.nrf_memobj_free   nrf_memobj.o
    0x0002981c   0x0002981c   0x00000008   Code   RO         3936    i.nrf_memobj_get    nrf_memobj.o
    0x00029824   0x00029824   0x00000004   Code   RO         3937    i.nrf_memobj_pool_init  nrf_memobj.o
    0x00029828   0x00029828   0x0000001e   Code   RO         3938    i.nrf_memobj_put    nrf_memobj.o
    0x00029846   0x00029846   0x00000010   Code   RO         3939    i.nrf_memobj_read   nrf_memobj.o
    0x00029856   0x00029856   0x00000010   Code   RO         3940    i.nrf_memobj_write  nrf_memobj.o
    0x00029866   0x00029866   0x00000002   PAD
    0x00029868   0x00029868   0x00000028   Code   RO         4012    i.nrf_pwr_mgmt_init  nrf_pwr_mgmt.o
    0x00029890   0x00029890   0x00000044   Code   RO         4013    i.nrf_pwr_mgmt_run  nrf_pwr_mgmt.o
    0x000298d4   0x000298d4   0x0000008e   Code   RO         4086    i.nrf_queue_generic_pop  nrf_queue.o
    0x00029962   0x00029962   0x00000012   Code   RO         4088    i.nrf_queue_is_empty  nrf_queue.o
    0x00029974   0x00029974   0x0000001e   Code   RO         4089    i.nrf_queue_is_full  nrf_queue.o
    0x00029992   0x00029992   0x0000000e   Code   RO         4092    i.nrf_queue_next_idx  nrf_queue.o
    0x000299a0   0x000299a0   0x000000b2   Code   RO         4094    i.nrf_queue_push    nrf_queue.o
    0x00029a52   0x00029a52   0x0000001c   Code   RO         4207    i.nrf_ringbuf_init  nrf_ringbuf.o
    0x00029a6e   0x00029a6e   0x0000000c   Code   RO         3352    i.nrf_rtc_event_clear  drv_rtc.o
    0x00029a7a   0x00029a7a   0x00000002   PAD
    0x00029a7c   0x00029a7c   0x00000014   Code   RO         5278    i.nrf_sdh_ble_app_ram_start_get  nrf_sdh_ble.o
    0x00029a90   0x00029a90   0x00000100   Code   RO         5279    i.nrf_sdh_ble_default_cfg_set  nrf_sdh_ble.o
    0x00029b90   0x00029b90   0x00000130   Code   RO         5280    i.nrf_sdh_ble_enable  nrf_sdh_ble.o
    0x00029cc0   0x00029cc0   0x0000005c   Code   RO         5281    i.nrf_sdh_ble_evts_poll  nrf_sdh_ble.o
    0x00029d1c   0x00029d1c   0x00000074   Code   RO         5160    i.nrf_sdh_enable_request  nrf_sdh.o
    0x00029d90   0x00029d90   0x00000024   Code   RO         5161    i.nrf_sdh_evts_poll  nrf_sdh.o
    0x00029db4   0x00029db4   0x0000000c   Code   RO         5162    i.nrf_sdh_is_enabled  nrf_sdh.o
    0x00029dc0   0x00029dc0   0x0000003c   Code   RO         5332    i.nrf_sdh_soc_evts_poll  nrf_sdh_soc.o
    0x00029dfc   0x00029dfc   0x0000000a   Code   RO         4265    i.nrf_section_iter_init  nrf_section_iter.o
    0x00029e06   0x00029e06   0x00000024   Code   RO         4266    i.nrf_section_iter_item_set  nrf_section_iter.o
    0x00029e2a   0x00029e2a   0x00000020   Code   RO         4267    i.nrf_section_iter_next  nrf_section_iter.o
    0x00029e4a   0x00029e4a   0x00000022   Code   RO         4300    i.nrf_sortlist_add  nrf_sortlist.o
    0x00029e6c   0x00029e6c   0x00000006   Code   RO         4302    i.nrf_sortlist_peek  nrf_sortlist.o
    0x00029e72   0x00029e72   0x0000000e   Code   RO         4303    i.nrf_sortlist_pop  nrf_sortlist.o
    0x00029e80   0x00029e80   0x0000001e   Code   RO         4304    i.nrf_sortlist_remove  nrf_sortlist.o
    0x00029e9e   0x00029e9e   0x00000002   PAD
    0x00029ea0   0x00029ea0   0x00000038   Code   RO         4356    i.nrf_strerror_find  nrf_strerror.o
    0x00029ed8   0x00029ed8   0x00000014   Code   RO         4357    i.nrf_strerror_get  nrf_strerror.o
    0x00029eec   0x00029eec   0x0000000a   Code   RO         2538    i.nrf_uart_event_check  nrfx_uart.o
    0x00029ef6   0x00029ef6   0x0000000c   Code   RO         2539    i.nrf_uart_event_clear  nrfx_uart.o
    0x00029f02   0x00029f02   0x0000000c   Code   RO         2540    i.nrf_uart_int_enable_check  nrfx_uart.o
    0x00029f0e   0x00029f0e   0x0000000a   Code   RO         2727    i.nrf_uarte_event_check  nrfx_uarte.o
    0x00029f18   0x00029f18   0x0000000c   Code   RO         2728    i.nrf_uarte_event_clear  nrfx_uarte.o
    0x00029f24   0x00029f24   0x00000010   Code   RO         1702    i.nrf_wdt_started   nrf_drv_clock.o
    0x00029f34   0x00029f34   0x0000002c   Code   RO         2042    i.nrfx_clock_enable  nrfx_clock.o
    0x00029f60   0x00029f60   0x00000020   Code   RO         2045    i.nrfx_clock_init   nrfx_clock.o
    0x00029f80   0x00029f80   0x00000030   Code   RO         2048    i.nrfx_clock_lfclk_stop  nrfx_clock.o
    0x00029fb0   0x00029fb0   0x00000010   Code   RO         3353    i.nrfx_coredep_delay_us  drv_rtc.o
    0x00029fc0   0x00029fc0   0x000000a0   Code   RO         2191    i.nrfx_gpiote_in_event_enable  nrfx_gpiote.o
    0x0002a060   0x0002a060   0x000000cc   Code   RO         2193    i.nrfx_gpiote_in_init  nrfx_gpiote.o
    0x0002a12c   0x0002a12c   0x00000014   Code   RO         2194    i.nrfx_gpiote_in_is_set  nrfx_gpiote.o
    0x0002a140   0x0002a140   0x00000074   Code   RO         2196    i.nrfx_gpiote_init  nrfx_gpiote.o
    0x0002a1b4   0x0002a1b4   0x00000014   Code   RO         2197    i.nrfx_gpiote_is_init  nrfx_gpiote.o
    0x0002a1c8   0x0002a1c8   0x00000010   Code   RO         2729    i.nrfx_is_in_ram    nrfx_uarte.o
    0x0002a1d8   0x0002a1d8   0x0000003a   Code   RO         2480    i.nrfx_prs_acquire  nrfx_prs.o
    0x0002a212   0x0002a212   0x00000012   Code   RO         2481    i.nrfx_prs_release  nrfx_prs.o
    0x0002a224   0x0002a224   0x00000010   Code   RO         2541    i.nrfx_uart_0_irq_handler  nrfx_uart.o
    0x0002a234   0x0002a234   0x000000d4   Code   RO         2543    i.nrfx_uart_init    nrfx_uart.o
    0x0002a308   0x0002a308   0x000000a8   Code   RO         2549    i.nrfx_uart_tx      nrfx_uart.o
    0x0002a3b0   0x0002a3b0   0x00000020   Code   RO         2551    i.nrfx_uart_tx_in_progress  nrfx_uart.o
    0x0002a3d0   0x0002a3d0   0x000000c0   Code   RO         2552    i.nrfx_uart_uninit  nrfx_uart.o
    0x0002a490   0x0002a490   0x00000010   Code   RO         2730    i.nrfx_uarte_0_irq_handler  nrfx_uarte.o
    0x0002a4a0   0x0002a4a0   0x0000006c   Code   RO         2732    i.nrfx_uarte_init   nrfx_uarte.o
    0x0002a50c   0x0002a50c   0x000000ac   Code   RO         2736    i.nrfx_uarte_tx     nrfx_uarte.o
    0x0002a5b8   0x0002a5b8   0x0000001c   Code   RO         2738    i.nrfx_uarte_tx_in_progress  nrfx_uarte.o
    0x0002a5d4   0x0002a5d4   0x00000108   Code   RO         2739    i.nrfx_uarte_uninit  nrfx_uarte.o
    0x0002a6dc   0x0002a6dc   0x00000138   Code   RO         1132    i.on_characteristic_discovery_rsp  ble_db_discovery.o
    0x0002a814   0x0002a814   0x000000a8   Code   RO         1323    i.on_connected_evt  nrf_ble_gatt.o
    0x0002a8bc   0x0002a8bc   0x000000da   Code   RO         1133    i.on_descriptor_discovery_rsp  ble_db_discovery.o
    0x0002a996   0x0002a996   0x00000002   PAD
    0x0002a998   0x0002a998   0x000000ac   Code   RO         1324    i.on_exchange_mtu_request_evt  nrf_ble_gatt.o
    0x0002aa44   0x0002aa44   0x000000c0   Code   RO         1134    i.on_primary_srv_discovery_rsp  ble_db_discovery.o
    0x0002ab04   0x0002ab04   0x0000009c   Code   RO         1135    i.on_srv_disc_completion  ble_db_discovery.o
    0x0002aba0   0x0002aba0   0x0000001c   Code   RO         2215    i.pin_configured_set  nrfx_gpiote.o
    0x0002abbc   0x0002abbc   0x00000018   Code   RO         2216    i.pin_in_use_by_port  nrfx_gpiote.o
    0x0002abd4   0x0002abd4   0x00000018   Code   RO         2217    i.pin_in_use_by_te  nrfx_gpiote.o
    0x0002abec   0x0002abec   0x000000b4   Code   RO         2218    i.port_event_handle  nrfx_gpiote.o
    0x0002aca0   0x0002aca0   0x00000010   Code   RO         2219    i.port_handler_polarity_get  nrfx_gpiote.o
    0x0002acb0   0x0002acb0   0x0000003c   Code   RO         4746    i.postfix_process   nrf_log_str_formatter.o
    0x0002acec   0x0002acec   0x00000098   Code   RO         4747    i.prefix_process    nrf_log_str_formatter.o
    0x0002ad84   0x0002ad84   0x00000018   Code   RO         2482    i.prs_box_get       nrfx_prs.o
    0x0002ad9c   0x0002ad9c   0x00000118   Code   RO         1422    i.queue_process     nrf_ble_gq.o
    0x0002aeb4   0x0002aeb4   0x00000018   Code   RO         4100    i.queue_utilization_get  nrf_queue.o
    0x0002aecc   0x0002aecc   0x00000058   Code   RO         1423    i.queues_purge      nrf_ble_gq.o
    0x0002af24   0x0002af24   0x00000038   Code   RO         1136    i.registered_handler_get  ble_db_discovery.o
    0x0002af5c   0x0002af5c   0x00000048   Code   RO         1424    i.request_err_code_handle  nrf_ble_gq.o
    0x0002afa4   0x0002afa4   0x000000b4   Code   RO         1425    i.request_process   nrf_ble_gq.o
    0x0002b058   0x0002b058   0x0000005c   Code   RO         3132    i.rtc_irq           app_timer2.o
    0x0002b0b4   0x0002b0b4   0x00000064   Code   RO         3133    i.rtc_schedule      app_timer2.o
    0x0002b118   0x0002b118   0x00000074   Code   RO         3134    i.rtc_update        app_timer2.o
    0x0002b18c   0x0002b18c   0x00000032   Code   RO         2553    i.rx_byte           nrfx_uart.o
    0x0002b1be   0x0002b1be   0x00000016   Code   RO         2554    i.rx_done_event     nrfx_uart.o
    0x0002b1d4   0x0002b1d4   0x00000016   Code   RO         2740    i.rx_done_event     nrfx_uarte.o
    0x0002b1ea   0x0002b1ea   0x00000012   Code   RO           11    i.scan_evt_handler  main.o
    0x0002b1fc   0x0002b1fc   0x00000058   Code   RO           12    i.scan_init         main.o
    0x0002b254   0x0002b254   0x00000024   Code   RO           13    i.scan_start        main.o
    0x0002b278   0x0002b278   0x00000058   Code   RO         1703    i.sd_state_evt_handler  nrf_drv_clock.o
    0x0002b2d0   0x0002b2d0   0x00000030   Code   RO         5167    i.sdh_request_observer_notify  nrf_sdh.o
    0x0002b300   0x0002b300   0x0000002c   Code   RO         5168    i.sdh_state_observer_notify  nrf_sdh.o
    0x0002b32c   0x0002b32c   0x00000040   Code   RO         4451    i.serial_tx         nrf_log_backend_uart.o
    0x0002b36c   0x0002b36c   0x00000018   Code   RO         1704    i.soc_evt_handler   nrf_drv_clock.o
    0x0002b384   0x0002b384   0x00000058   Code   RO         5170    i.softdevices_evt_irq_enable  nrf_sdh.o
    0x0002b3dc   0x0002b3dc   0x0000000c   Code   RO         3135    i.sortlist_pop      app_timer2.o
    0x0002b3e8   0x0002b3e8   0x00000030   Code   RO         2889    i.state_set         app_button.o
    0x0002b418   0x0002b418   0x00000094   Code   RO         4581    i.std_n             nrf_log_frontend.o
    0x0002b4ac   0x0002b4ac   0x00000058   Code   RO         3136    i.timer_expire      app_timer2.o
    0x0002b504   0x0002b504   0x00000078   Code   RO         3137    i.timer_req_process  app_timer2.o
    0x0002b57c   0x0002b57c   0x00000038   Code   RO         3138    i.timer_req_schedule  app_timer2.o
    0x0002b5b4   0x0002b5b4   0x00000018   Code   RO         2890    i.timer_start       app_button.o
    0x0002b5cc   0x0002b5cc   0x00000020   Code   RO         2556    i.tx_byte           nrfx_uart.o
    0x0002b5ec   0x0002b5ec   0x0000001a   Code   RO         2557    i.tx_done_event     nrfx_uart.o
    0x0002b606   0x0002b606   0x0000001a   Code   RO         2741    i.tx_done_event     nrfx_uarte.o
    0x0002b620   0x0002b620   0x00000030   Code   RO         1845    i.uart_evt_handler  nrf_drv_uart.o
    0x0002b650   0x0002b650   0x0000000c   Code   RO         4452    i.uart_evt_handler  nrf_log_backend_uart.o
    0x0002b65c   0x0002b65c   0x00000050   Code   RO         4453    i.uart_init         nrf_log_backend_uart.o
    0x0002b6ac   0x0002b6ac   0x0000012a   Code   RO         2558    i.uart_irq_handler  nrfx_uart.o
    0x0002b7d6   0x0002b7d6   0x00000002   PAD
    0x0002b7d8   0x0002b7d8   0x00000030   Code   RO         1846    i.uarte_evt_handler  nrf_drv_uart.o
    0x0002b808   0x0002b808   0x00000112   Code   RO         2742    i.uarte_irq_handler  nrfx_uarte.o
    0x0002b91a   0x0002b91a   0x00000002   PAD
    0x0002b91c   0x0002b91c   0x000000b4   Code   RO         3896    i.unsigned_print    nrf_fprintf_format.o
    0x0002b9d0   0x0002b9d0   0x00000020   Code   RO         2891    i.usr_event         app_button.o
    0x0002b9f0   0x0002b9f0   0x00000014   Data   RO           19    .constdata          main.o
    0x0002ba04   0x0002ba04   0x0000000e   Data   RO           20    .constdata          main.o
    0x0002ba12   0x0002ba12   0x00000008   Data   RO          403    .constdata          boards.o
    0x0002ba1a   0x0002ba1a   0x00000002   PAD
    0x0002ba1c   0x0002ba1c   0x0000007c   Data   RO         1138    .constdata          ble_db_discovery.o
    0x0002ba98   0x0002ba98   0x00000016   Data   RO         1325    .constdata          nrf_ble_gatt.o
    0x0002baae   0x0002baae   0x00000002   PAD
    0x0002bab0   0x0002bab0   0x00000018   Data   RO         1426    .constdata          nrf_ble_gq.o
    0x0002bac8   0x0002bac8   0x00000010   Data   RO         1620    .constdata          ble_lbs_c.o
    0x0002bad8   0x0002bad8   0x00000004   Data   RO         2221    .constdata          nrfx_gpiote.o
    0x0002badc   0x0002badc   0x00000004   Data   RO         2561    .constdata          nrfx_uart.o
    0x0002bae0   0x0002bae0   0x00000004   Data   RO         2745    .constdata          nrfx_uarte.o
    0x0002bae4   0x0002bae4   0x00000008   Data   RO         2894    .constdata          app_button.o
    0x0002baec   0x0002baec   0x00000014   Data   RO         3141    .constdata          app_timer2.o
    0x0002bb00   0x0002bb00   0x00000006   Data   RO         3354    .constdata          drv_rtc.o
    0x0002bb06   0x0002bb06   0x00000010   Data   RO         3897    .constdata          nrf_fprintf_format.o
    0x0002bb16   0x0002bb16   0x00000002   PAD
    0x0002bb18   0x0002bb18   0x00000018   Data   RO         4017    .constdata          nrf_pwr_mgmt.o
    0x0002bb30   0x0002bb30   0x0000000c   Data   RO         4018    .constdata          nrf_pwr_mgmt.o
    0x0002bb3c   0x0002bb3c   0x0000013c   Data   RO         4358    .constdata          nrf_strerror.o
    0x0002bc78   0x0002bc78   0x0000000c   Data   RO         4455    .constdata          nrf_log_backend_uart.o
    0x0002bc84   0x0002bc84   0x00000020   Data   RO         4456    .constdata          nrf_log_backend_uart.o
    0x0002bca4   0x0002bca4   0x0000000c   Data   RO         4586    .constdata          nrf_log_frontend.o
    0x0002bcb0   0x0002bcb0   0x00000010   Data   RO         5171    .constdata          nrf_sdh.o
    0x0002bcc0   0x0002bcc0   0x00000028   Data   RO         5172    .constdata          nrf_sdh.o
    0x0002bce8   0x0002bce8   0x00000010   Data   RO         5173    .constdata          nrf_sdh.o
    0x0002bcf8   0x0002bcf8   0x00000010   Data   RO         5174    .constdata          nrf_sdh.o
    0x0002bd08   0x0002bd08   0x00000020   Data   RO         5282    .constdata          nrf_sdh_ble.o
    0x0002bd28   0x0002bd28   0x00000010   Data   RO         5283    .constdata          nrf_sdh_ble.o
    0x0002bd38   0x0002bd38   0x00000010   Data   RO         5333    .constdata          nrf_sdh_soc.o
    0x0002bd48   0x0002bd48   0x0000000c   Data   RO         5334    .constdata          nrf_sdh_soc.o
    0x0002bd54   0x0002bd54   0x00000081   Data   RO         5435    .constdata          mc_w.l(ctype_o.o)
    0x0002bdd5   0x0002bdd5   0x00000003   PAD
    0x0002bdd8   0x0002bdd8   0x00000004   Data   RO         5436    .constdata          mc_w.l(ctype_o.o)
    0x0002bddc   0x0002bddc   0x000000e9   Data   RO         1139    .conststring        ble_db_discovery.o
    0x0002bec5   0x0002bec5   0x00000003   PAD
    0x0002bec8   0x0002bec8   0x000000a2   Data   RO         1326    .conststring        nrf_ble_gatt.o
    0x0002bf6a   0x0002bf6a   0x00000002   PAD
    0x0002bf6c   0x0002bf6c   0x0000004a   Data   RO         1427    .conststring        nrf_ble_gq.o
    0x0002bfb6   0x0002bfb6   0x00000002   PAD
    0x0002bfb8   0x0002bfb8   0x000003eb   Data   RO         4359    .conststring        nrf_strerror.o
    0x0002c3a3   0x0002c3a3   0x00000001   PAD
    0x0002c3a4   0x0002c3a4   0x00000066   Data   RO         4748    .conststring        nrf_log_str_formatter.o
    0x0002c40a   0x0002c40a   0x00000002   PAD
    0x0002c40c   0x0002c40c   0x00000188   Data   RO         5284    .conststring        nrf_sdh_ble.o
    0x0002c594   0x0002c594   0x0000000c   Data   RO         1140    .conststrlit        ble_db_discovery.o
    0x0002c5a0   0x0002c5a0   0x0000000d   Data   RO         1327    .conststrlit        nrf_ble_gatt.o
    0x0002c5ad   0x0002c5ad   0x00000003   PAD
    0x0002c5b0   0x0002c5b0   0x0000000b   Data   RO         1428    .conststrlit        nrf_ble_gq.o
    0x0002c5bb   0x0002c5bb   0x00000001   PAD
    0x0002c5bc   0x0002c5bc   0x00000009   Data   RO         1513    .conststrlit        nrf_ble_scan.o
    0x0002c5c5   0x0002c5c5   0x00000003   PAD
    0x0002c5c8   0x0002c5c8   0x0000000a   Data   RO         1621    .conststrlit        ble_lbs_c.o
    0x0002c5d2   0x0002c5d2   0x00000002   PAD
    0x0002c5d4   0x0002c5d4   0x00000006   Data   RO         1710    .conststrlit        nrf_drv_clock.o
    0x0002c5da   0x0002c5da   0x00000002   PAD
    0x0002c5dc   0x0002c5dc   0x00000006   Data   RO         2052    .conststrlit        nrfx_clock.o
    0x0002c5e2   0x0002c5e2   0x00000002   PAD
    0x0002c5e4   0x0002c5e4   0x00000007   Data   RO         2225    .conststrlit        nrfx_gpiote.o
    0x0002c5eb   0x0002c5eb   0x00000001   PAD
    0x0002c5ec   0x0002c5ec   0x00000004   Data   RO         2484    .conststrlit        nrfx_prs.o
    0x0002c5f0   0x0002c5f0   0x00000005   Data   RO         2564    .conststrlit        nrfx_uart.o
    0x0002c5f5   0x0002c5f5   0x00000003   PAD
    0x0002c5f8   0x0002c5f8   0x00000006   Data   RO         2748    .conststrlit        nrfx_uarte.o
    0x0002c5fe   0x0002c5fe   0x00000002   PAD
    0x0002c600   0x0002c600   0x0000000b   Data   RO         2895    .conststrlit        app_button.o
    0x0002c60b   0x0002c60b   0x00000001   PAD
    0x0002c60c   0x0002c60c   0x0000000a   Data   RO         3142    .conststrlit        app_timer2.o
    0x0002c616   0x0002c616   0x00000002   PAD
    0x0002c618   0x0002c618   0x00000009   Data   RO         4019    .conststrlit        nrf_pwr_mgmt.o
    0x0002c621   0x0002c621   0x00000003   PAD
    0x0002c624   0x0002c624   0x00000009   Data   RO         4305    .conststrlit        nrf_sortlist.o
    0x0002c62d   0x0002c62d   0x00000003   PAD
    0x0002c630   0x0002c630   0x00000011   Data   RO         4521    .conststrlit        nrf_log_default_backends.o
    0x0002c641   0x0002c641   0x00000003   PAD
    0x0002c644   0x0002c644   0x00000004   Data   RO         4587    .conststrlit        nrf_log_frontend.o
    0x0002c648   0x0002c648   0x00000008   Data   RO         5175    .conststrlit        nrf_sdh.o
    0x0002c650   0x0002c650   0x0000000c   Data   RO         5285    .conststrlit        nrf_sdh_ble.o
    0x0002c65c   0x0002c65c   0x0000000c   Data   RO         5335    .conststrlit        nrf_sdh_soc.o
    0x0002c668   0x0002c668   0x00000020   Data   RO         5496    Region$$Table       anon$$obj.o
    0x0002c688   0x0002c688   0x00000010   Data   RO         4523    log_backends        nrf_log_default_backends.o
    0x0002c698   0x0002c698   0x00000008   Data   RO         1142    log_const_data      ble_db_discovery.o
    0x0002c6a0   0x0002c6a0   0x00000008   Data   RO         1328    log_const_data      nrf_ble_gatt.o
    0x0002c6a8   0x0002c6a8   0x00000008   Data   RO         1429    log_const_data      nrf_ble_gq.o
    0x0002c6b0   0x0002c6b0   0x00000008   Data   RO         1514    log_const_data      nrf_ble_scan.o
    0x0002c6b8   0x0002c6b8   0x00000008   Data   RO         1622    log_const_data      ble_lbs_c.o
    0x0002c6c0   0x0002c6c0   0x00000008   Data   RO         1711    log_const_data      nrf_drv_clock.o
    0x0002c6c8   0x0002c6c8   0x00000008   Data   RO         2054    log_const_data      nrfx_clock.o
    0x0002c6d0   0x0002c6d0   0x00000008   Data   RO         2226    log_const_data      nrfx_gpiote.o
    0x0002c6d8   0x0002c6d8   0x00000008   Data   RO         2486    log_const_data      nrfx_prs.o
    0x0002c6e0   0x0002c6e0   0x00000008   Data   RO         2565    log_const_data      nrfx_uart.o
    0x0002c6e8   0x0002c6e8   0x00000008   Data   RO         2749    log_const_data      nrfx_uarte.o
    0x0002c6f0   0x0002c6f0   0x00000008   Data   RO         2897    log_const_data      app_button.o
    0x0002c6f8   0x0002c6f8   0x00000008   Data   RO         3145    log_const_data      app_timer2.o
    0x0002c700   0x0002c700   0x00000008   Data   RO         4021    log_const_data      nrf_pwr_mgmt.o
    0x0002c708   0x0002c708   0x00000008   Data   RO         4306    log_const_data      nrf_sortlist.o
    0x0002c710   0x0002c710   0x00000008   Data   RO         4591    log_const_data      nrf_log_frontend.o
    0x0002c718   0x0002c718   0x00000008   Data   RO         5177    log_const_data      nrf_sdh.o
    0x0002c720   0x0002c720   0x00000008   Data   RO         5287    log_const_data      nrf_sdh_ble.o
    0x0002c728   0x0002c728   0x00000008   Data   RO         5336    log_const_data      nrf_sdh_soc.o
    0x0002c730   0x0002c730   0x00000014   Data   RO           26    nrf_balloc          main.o
    0x0002c744   0x0002c744   0x00000014   Data   RO         4592    nrf_balloc          nrf_log_frontend.o
    0x0002c758   0x0002c758   0x00000014   Data   RO           27    nrf_queue           main.o
    0x0002c76c   0x0002c76c   0x00000008   Data   RO          963    sdh_ble_observers0  ble_conn_state.o
    0x0002c774   0x0002c774   0x00000020   Data   RO           28    sdh_ble_observers1  main.o
    0x0002c794   0x0002c794   0x00000008   Data   RO          624    sdh_ble_observers1  bsp_btn_ble.o
    0x0002c79c   0x0002c79c   0x00000008   Data   RO           29    sdh_ble_observers2  main.o
    0x0002c7a4   0x0002c7a4   0x00000008   Data   RO           30    sdh_ble_observers3  main.o
    0x0002c7ac   0x0002c7ac   0x00000008   Data   RO         1712    sdh_soc_observers0  nrf_drv_clock.o
    0x0002c7b4   0x0002c7b4   0x00000008   Data   RO         5288    sdh_stack_observers0  nrf_sdh_ble.o
    0x0002c7bc   0x0002c7bc   0x00000008   Data   RO         5337    sdh_stack_observers0  nrf_sdh_soc.o
    0x0002c7c4   0x0002c7c4   0x00000008   Data   RO         1713    sdh_state_observers0  nrf_drv_clock.o


    Execution Region RW_IRAM1 (Exec base: 0x20001db8, Load base: 0x0002c7cc, Size: 0x000030d8, Max: 0x0000e248, ABSOLUTE, COMPRESSED[0x00000070])

    Exec Addr    Load Addr    Size         Type   Attr      Idx    E Section Name        Object

    0x20001db8   COMPRESSED   0x000005ec   Data   RW           21    .data               main.o
    0x200023a4   COMPRESSED   0x00000002   Data   RW           22    .data               main.o
    0x200023a6   COMPRESSED   0x00000004   Data   RW           23    .data               main.o
    0x200023aa   COMPRESSED   0x00000008   Data   RW           24    .data               main.o
    0x200023b2   COMPRESSED   0x00000002   PAD
    0x200023b4   COMPRESSED   0x00000008   Data   RW           25    .data               main.o
    0x200023bc   COMPRESSED   0x00000008   Data   RW          623    .data               bsp_btn_ble.o
    0x200023c4   COMPRESSED   0x00000010   Data   RW         1141    .data               ble_db_discovery.o
    0x200023d4   COMPRESSED   0x0000000c   Data   RW         1847    .data               nrf_drv_uart.o
    0x200023e0   COMPRESSED   0x00000008   Data   RW         2053    .data               nrfx_clock.o
    0x200023e8   COMPRESSED   0x00000008   Data   RW         2485    .data               nrfx_prs.o
    0x200023f0   COMPRESSED   0x00000018   Data   RW         2896    .data               app_button.o
    0x20002408   COMPRESSED   0x00000020   Data   RW         3143    .data               app_timer2.o
    0x20002428   COMPRESSED   0x00000004   Data   RW         3144    .data               app_timer2.o
    0x2000242c   COMPRESSED   0x0000000c   Data   RW         3355    .data               drv_rtc.o
    0x20002438   COMPRESSED   0x00000008   Data   RW         4020    .data               nrf_pwr_mgmt.o
    0x20002440   COMPRESSED   0x00000018   Data   RW         4457    .data               nrf_log_backend_uart.o
    0x20002458   COMPRESSED   0x00000008   Data   RW         4522    .data               nrf_log_default_backends.o
    0x20002460   COMPRESSED   0x00000004   Data   RW         4588    .data               nrf_log_frontend.o
    0x20002464   COMPRESSED   0x00000008   Data   RW         4589    .data               nrf_log_frontend.o
    0x2000246c   COMPRESSED   0x00000008   Data   RW         4590    .data               nrf_log_frontend.o
    0x20002474   COMPRESSED   0x00000040   Data   RW         4749    .data               nrf_log_str_formatter.o
    0x200024b4   COMPRESSED   0x00000003   Data   RW         5176    .data               nrf_sdh.o
    0x200024b7   COMPRESSED   0x00000001   Data   RW         5286    .data               nrf_sdh_ble.o
    0x200024b8   COMPRESSED   0x00000004   Data   RW         5376    .data               system_nrf52.o
    0x200024bc        -       0x00000094   Zero   RW           14    .bss                main.o
    0x20002550        -       0x000000a0   Zero   RW           15    .bss                main.o
    0x200025f0        -       0x0000000c   Zero   RW           16    .bss                main.o
    0x200025fc        -       0x0000000c   Zero   RW           17    .bss                main.o
    0x20002608        -       0x000000c0   Zero   RW           18    .bss                main.o
    0x200026c8        -       0x0000000c   Zero   RW          519    .bss                bsp.o
    0x200026d4        -       0x0000007c   Zero   RW          962    .bss                ble_conn_state.o
    0x20002750        -       0x00000018   Zero   RW         1137    .bss                ble_db_discovery.o
    0x20002768        -       0x00000014   Zero   RW         1705    .bss                nrf_drv_clock.o
    0x2000277c        -       0x0000005c   Zero   RW         2220    .bss                nrfx_gpiote.o
    0x200027d8        -       0x0000002c   Zero   RW         2559    .bss                nrfx_uart.o
    0x20002804        -       0x00000024   Zero   RW         2743    .bss                nrfx_uarte.o
    0x20002828        -       0x00000020   Zero   RW         2892    .bss                app_button.o
    0x20002848        -       0x00000010   Zero   RW         2893    .bss                app_button.o
    0x20002858        -       0x00000010   Zero   RW         3139    .bss                app_timer2.o
    0x20002868        -       0x00000058   Zero   RW         3140    .bss                app_timer2.o
    0x200028c0        -       0x0000000c   Zero   RW         3269    .bss                app_util_platform.o
    0x200028cc        -       0x0000000c   Zero   RW         4016    .bss                nrf_pwr_mgmt.o
    0x200028d8        -       0x00000040   Zero   RW         4454    .bss                nrf_log_backend_uart.o
    0x20002918        -       0x000000c0   Zero   RW         4582    .bss                nrf_log_frontend.o
    0x200029d8        -       0x00000080   Zero   RW         4583    .bss                nrf_log_frontend.o
    0x20002a58        -       0x00000018   Zero   RW         4584    .bss                nrf_log_frontend.o
    0x20002a70        -       0x00000420   Zero   RW         4585    .bss                nrf_log_frontend.o
    0x20002e90        -       0x00002000   Zero   RW         5364    STACK               arm_startup_nrf52.o


==============================================================================

Image component sizes


      Code (inc. data)   RO Data    RW Data    ZI Data      Debug   Object Name

       664         66         27         24         48      17366   app_button.o
        22          0          0          0          0       2465   app_error.o
       132         46          0          0          0      34085   app_error_weak.o
       834         88         38         36        104      15460   app_timer2.o
       124         14          0          0         12      10550   app_util_platform.o
        36          8        512          0       8192        900   arm_startup_nrf52.o
       138          0          0          0          0      44199   ble_advdata.o
         0          0          0          0          0       1648   ble_advertising.o
       352          6          8          0        124       8373   ble_conn_state.o
      1966        156        377         16         24      29783   ble_db_discovery.o
       548         14         34          0          0      11712   ble_lbs_c.o
       192         16          8          0          0       9405   boards.o
        68          4          0          0         12       7208   bsp.o
       166          6          8          8          0       3120   bsp_btn_ble.o
       704         76          6         12          0      48069   drv_rtc.o
       974        274        122       1538        524     150027   main.o
       326          0          0          0          0       5739   nrf_atfifo.o
        64          0          0          0          0       2912   nrf_atflags.o
       306          0          0          0          0       7735   nrf_atomic.o
       164          0          0          0          0       3512   nrf_balloc.o
       922        272        205          0          0      36847   nrf_ble_gatt.o
      1122        114        117          0          0      10703   nrf_ble_gq.o
       926         44         17          0          0      12299   nrf_ble_scan.o
       312         36         30          0         20      43300   nrf_drv_clock.o
       200         26          0         12          0      17532   nrf_drv_uart.o
        50          0          0          0          0       3413   nrf_fprintf.o
       866          4         16          0          0       6410   nrf_fprintf_format.o
       200          0          0          0          0      11469   nrf_log_backend_serial.o
       232         44         44         24         64      15562   nrf_log_backend_uart.o
        28          4         33          8          0       3257   nrf_log_default_backends.o
      1496        128         44         20       1400      30071   nrf_log_frontend.o
       570        108        102         64          0       5484   nrf_log_str_formatter.o
       346          0          0          0          0       9311   nrf_memobj.o
       108         16         53          8         12      40834   nrf_pwr_mgmt.o
       406          0          0          0          0       6211   nrf_queue.o
        28          0          0          0          0       2279   nrf_ringbuf.o
       384         46        104          3          0      42439   nrf_sdh.o
       672        232        468          1          0       5689   nrf_sdh_ble.o
        60          4         56          0          0       2384   nrf_sdh_soc.o
        78          0          0          0          0       2660   nrf_section_iter.o
        84          0         17          0          0       3937   nrf_sortlist.o
        76         10       1319          0          0       2627   nrf_strerror.o
       242         32         14          8          0      46720   nrfx_clock.o
      1268        106         19          0         92      65029   nrfx_gpiote.o
       112         16         12          8          0       4320   nrfx_prs.o
      1310         42         17          0         44      29901   nrfx_uart.o
      1312         42         18          0         36      25423   nrfx_uarte.o
       920         72          0          4          0      13363   system_nrf52.o

    ----------------------------------------------------------------------
     22156       2172       3924       1796      10708     913742   Object Totals
         0          0         32          0          0          0   (incl. Generated)
        46          0         47          2          0          0   (incl. Padding)

    ----------------------------------------------------------------------

      Code (inc. data)   RO Data    RW Data    ZI Data      Debug   Library Member Name

        86          0          0          0          0          0   __dczerorl2.o
         8          4        133          0          0         68   ctype_o.o
         0          0          0          0          0          0   entry.o
         0          0          0          0          0          0   entry10a.o
         0          0          0          0          0          0   entry11a.o
         8          4          0          0          0          0   entry2.o
         4          0          0          0          0          0   entry5.o
         0          0          0          0          0          0   entry7b.o
         0          0          0          0          0          0   entry8b.o
         8          4          0          0          0          0   entry9a.o
        30          0          0          0          0          0   handlers.o
        36          8          0          0          0         68   init.o
        30          0          0          0          0         68   llshl.o
        26          0          0          0          0         80   memcmp.o
        36          0          0          0          0         68   memcpya.o
        36          0          0          0          0        108   memseta.o
        28          0          0          0          0         76   strcmp.o
        14          0          0          0          0         68   strlen.o

    ----------------------------------------------------------------------
       356         20        136          0          0        604   Library Totals
         6          0          3          0          0          0   (incl. Padding)

    ----------------------------------------------------------------------

      Code (inc. data)   RO Data    RW Data    ZI Data      Debug   Library Name

       350         20        133          0          0        604   mc_w.l

    ----------------------------------------------------------------------
       356         20        136          0          0        604   Library Totals

    ----------------------------------------------------------------------

==============================================================================


      Code (inc. data)   RO Data    RW Data    ZI Data      Debug   

     22512       2192       4060       1796      10708     886122   Grand Totals
     22512       2192       4060        112      10708     886122   ELF Image Totals (compressed)
     22512       2192       4060        112          0          0   ROM Totals

==============================================================================

    Total RO  Size (Code + RO Data)                26572 (  25.95kB)
    Total RW  Size (RW Data + ZI Data)             12504 (  12.21kB)
    Total ROM Size (Code + RO Data + RW Data)      26684 (  26.06kB)

==============================================================================

