<html>
<body>
<pre>
<h1>µVision Build Log</h1>
<h2>Tool Versions:</h2>
IDE-Version: µVision V5.32.0.0
Copyright (C) 2020 ARM Ltd and ARM Germany GmbH. All rights reserved.
License Information: eeee eee, eeeee, LIC=EXJT4-FHG6M-8TQ3P-MQN25-0CQLI-6FJ5D
 
Tool Versions:
Toolchain:       MDK-ARM Plus  Version: 5.32.0.0
Toolchain Path:  C:\Keil_v5\ARM\ARMCC\Bin
C Compiler:      Armcc.exe V5.06 update 7 (build 960)
Assembler:       Armasm.exe V5.06 update 7 (build 960)
Linker/Locator:  ArmLink.exe V5.06 update 7 (build 960)
Library Manager: ArmAr.exe V5.06 update 7 (build 960)
Hex Converter:   FromElf.exe V5.06 update 7 (build 960)
CPU DLL:         
Dialog DLL:      
Target DLL:      Segger\JL2CM3.dll V2.99.38.0
Dialog DLL:      TCM.DLL V1.46.0.0
 
<h2>Project:</h2>
D:\nRF52\Origin_SDK\examples\peripheral\blinky\pca10100e\blank\arm5_no_packs\blinky_pca10100e.uvprojx
Project File Date:  12/21/2020

<h2>Output:</h2>
*** Using Compiler 'V5.06 update 7 (build 960)', folder: 'C:\Keil_v5\ARM\ARMCC\Bin'
Build target 'nrf52820_xxaa'
compiling app_error.c...
compiling app_util_platform.c...
compiling app_error_handler_keil.c...
compiling nrfx_atomic.c...
compiling app_error_weak.c...
compiling main.c...
compiling boards.c...
compiling nrf_assert.c...
compiling nrf_atomic.c...
compiling nrf_fprintf_format.c...
compiling nrf_fprintf.c...
compiling nrf_balloc.c...
assembling arm_startup_nrf52820.s...
compiling nrf_ringbuf.c...
compiling nrf_strerror.c...
compiling nrf_memobj.c...
compiling nrf_log_frontend.c...
compiling nrf_log_str_formatter.c...
compiling system_nrf52820.c...
linking...
Program Size: Code=864 RO-data=560 RW-data=4 ZI-data=4100  
FromELF: creating hex file...
".\_build\nrf52820_xxaa.axf" - 0 Error(s), 0 Warning(s).

<h2>Software Packages used:</h2>

Package Vendor: ARM
                http://www.keil.com/pack/ARM.CMSIS.5.6.0.pack
                ARM.CMSIS.5.6.0
                CMSIS (Cortex Microcontroller Software Interface Standard)
   * Component: CORE Version: 5.3.0

Package Vendor: NordicSemiconductor
                http://developer.nordicsemi.com/nRF5_SDK/pieces/nRF_DeviceFamilyPack/NordicSemiconductor.nRF_DeviceFamilyPack.8.32.1.pack
                NordicSemiconductor.nRF_DeviceFamilyPack.8.32.1
                Nordic Semiconductor nRF ARM devices Device Family Pack with BSD license.
   * Component: Startup Version: 8.32.1

<h2>Collection of Component include folders:</h2>
  .\RTE\_nrf52820_xxaa
  C:\Users\MY PC\AppData\Local\Arm\Packs\ARM\CMSIS\5.6.0\CMSIS\Core\Include
  C:\Users\MY PC\AppData\Local\Arm\Packs\NordicSemiconductor\nRF_DeviceFamilyPack\8.32.1\Device\Include

<h2>Collection of Component Files used:</h2>

   * Component: ARM::CMSIS:CORE:5.3.0

   * Component: NordicSemiconductor::Device:Startup:8.32.1
      Include file:  Device\Include\system_nrf52820.h
      Source file:   Device\Source\arm\arm_startup_nrf52820.s
      Include file:  Device\Include\system_nrf.h
      Source file:   Device\Source\system_nrf52820.c
Build Time Elapsed:  00:00:17
</pre>
</body>
</html>
